Archive member included because of file (symbol)

e:/altera/12.0sp2/nios2eds/bin/gnu/h-i686-mingw32/bin/../lib/gcc/nios2-elf/4.1.2/../../../../nios2-elf/lib\libm.a(lib_a-s_cos.o)
                              obj/default/src/projectiles.o (cos)
e:/altera/12.0sp2/nios2eds/bin/gnu/h-i686-mingw32/bin/../lib/gcc/nios2-elf/4.1.2/../../../../nios2-elf/lib\libm.a(lib_a-s_sin.o)
                              obj/default/src/projectiles.o (sin)
e:/altera/12.0sp2/nios2eds/bin/gnu/h-i686-mingw32/bin/../lib/gcc/nios2-elf/4.1.2/../../../../nios2-elf/lib\libm.a(lib_a-e_rem_pio2.o)
                              e:/altera/12.0sp2/nios2eds/bin/gnu/h-i686-mingw32/bin/../lib/gcc/nios2-elf/4.1.2/../../../../nios2-elf/lib\libm.a(lib_a-s_cos.o) (__ieee754_rem_pio2)
e:/altera/12.0sp2/nios2eds/bin/gnu/h-i686-mingw32/bin/../lib/gcc/nios2-elf/4.1.2/../../../../nios2-elf/lib\libm.a(lib_a-k_cos.o)
                              e:/altera/12.0sp2/nios2eds/bin/gnu/h-i686-mingw32/bin/../lib/gcc/nios2-elf/4.1.2/../../../../nios2-elf/lib\libm.a(lib_a-s_cos.o) (__kernel_cos)
e:/altera/12.0sp2/nios2eds/bin/gnu/h-i686-mingw32/bin/../lib/gcc/nios2-elf/4.1.2/../../../../nios2-elf/lib\libm.a(lib_a-k_rem_pio2.o)
                              e:/altera/12.0sp2/nios2eds/bin/gnu/h-i686-mingw32/bin/../lib/gcc/nios2-elf/4.1.2/../../../../nios2-elf/lib\libm.a(lib_a-e_rem_pio2.o) (__kernel_rem_pio2)
e:/altera/12.0sp2/nios2eds/bin/gnu/h-i686-mingw32/bin/../lib/gcc/nios2-elf/4.1.2/../../../../nios2-elf/lib\libm.a(lib_a-k_sin.o)
                              e:/altera/12.0sp2/nios2eds/bin/gnu/h-i686-mingw32/bin/../lib/gcc/nios2-elf/4.1.2/../../../../nios2-elf/lib\libm.a(lib_a-s_cos.o) (__kernel_sin)
e:/altera/12.0sp2/nios2eds/bin/gnu/h-i686-mingw32/bin/../lib/gcc/nios2-elf/4.1.2/../../../../nios2-elf/lib\libm.a(lib_a-s_fabs.o)
                              e:/altera/12.0sp2/nios2eds/bin/gnu/h-i686-mingw32/bin/../lib/gcc/nios2-elf/4.1.2/../../../../nios2-elf/lib\libm.a(lib_a-e_rem_pio2.o) (fabs)
e:/altera/12.0sp2/nios2eds/bin/gnu/h-i686-mingw32/bin/../lib/gcc/nios2-elf/4.1.2/../../../../nios2-elf/lib\libm.a(lib_a-s_floor.o)
                              e:/altera/12.0sp2/nios2eds/bin/gnu/h-i686-mingw32/bin/../lib/gcc/nios2-elf/4.1.2/../../../../nios2-elf/lib\libm.a(lib_a-k_rem_pio2.o) (floor)
e:/altera/12.0sp2/nios2eds/bin/gnu/h-i686-mingw32/bin/../lib/gcc/nios2-elf/4.1.2/../../../../nios2-elf/lib\libm.a(lib_a-s_scalbn.o)
                              e:/altera/12.0sp2/nios2eds/bin/gnu/h-i686-mingw32/bin/../lib/gcc/nios2-elf/4.1.2/../../../../nios2-elf/lib\libm.a(lib_a-k_rem_pio2.o) (scalbn)
e:/altera/12.0sp2/nios2eds/bin/gnu/h-i686-mingw32/bin/../lib/gcc/nios2-elf/4.1.2/../../../../nios2-elf/lib\libm.a(lib_a-s_copysign.o)
                              e:/altera/12.0sp2/nios2eds/bin/gnu/h-i686-mingw32/bin/../lib/gcc/nios2-elf/4.1.2/../../../../nios2-elf/lib\libm.a(lib_a-s_scalbn.o) (copysign)
e:/altera/12.0sp2/nios2eds/bin/gnu/h-i686-mingw32/bin/../lib/gcc/nios2-elf/4.1.2\libgcc.a(_fixunsdfsi.o)
                              obj/default/src/audio.o (__fixunsdfsi)
e:/altera/12.0sp2/nios2eds/bin/gnu/h-i686-mingw32/bin/../lib/gcc/nios2-elf/4.1.2\libgcc.a(_addsub_sf.o)
                              obj/default/src/projectiles.o (__addsf3)
e:/altera/12.0sp2/nios2eds/bin/gnu/h-i686-mingw32/bin/../lib/gcc/nios2-elf/4.1.2\libgcc.a(_mul_sf.o)
                              obj/default/src/projectiles.o (__mulsf3)
e:/altera/12.0sp2/nios2eds/bin/gnu/h-i686-mingw32/bin/../lib/gcc/nios2-elf/4.1.2\libgcc.a(_lt_sf.o)
                              obj/default/src/tank_controls.o (__ltsf2)
e:/altera/12.0sp2/nios2eds/bin/gnu/h-i686-mingw32/bin/../lib/gcc/nios2-elf/4.1.2\libgcc.a(_si_to_sf.o)
                              obj/default/src/projectiles.o (__floatsisf)
e:/altera/12.0sp2/nios2eds/bin/gnu/h-i686-mingw32/bin/../lib/gcc/nios2-elf/4.1.2\libgcc.a(_sf_to_si.o)
                              obj/default/src/projectiles.o (__fixsfsi)
e:/altera/12.0sp2/nios2eds/bin/gnu/h-i686-mingw32/bin/../lib/gcc/nios2-elf/4.1.2\libgcc.a(_sf_to_df.o)
                              obj/default/src/projectiles.o (__extendsfdf2)
e:/altera/12.0sp2/nios2eds/bin/gnu/h-i686-mingw32/bin/../lib/gcc/nios2-elf/4.1.2\libgcc.a(_thenan_sf.o)
                              e:/altera/12.0sp2/nios2eds/bin/gnu/h-i686-mingw32/bin/../lib/gcc/nios2-elf/4.1.2\libgcc.a(_addsub_sf.o) (__thenan_sf)
e:/altera/12.0sp2/nios2eds/bin/gnu/h-i686-mingw32/bin/../lib/gcc/nios2-elf/4.1.2\libgcc.a(_addsub_df.o)
                              e:/altera/12.0sp2/nios2eds/bin/gnu/h-i686-mingw32/bin/../lib/gcc/nios2-elf/4.1.2/../../../../nios2-elf/lib\libm.a(lib_a-s_cos.o) (__subdf3)
e:/altera/12.0sp2/nios2eds/bin/gnu/h-i686-mingw32/bin/../lib/gcc/nios2-elf/4.1.2\libgcc.a(_mul_df.o)
                              obj/default/src/audio.o (__muldf3)
e:/altera/12.0sp2/nios2eds/bin/gnu/h-i686-mingw32/bin/../lib/gcc/nios2-elf/4.1.2\libgcc.a(_div_df.o)
[...]
Memory Configuration

Name             Origin             Length             Attributes
onchip_memory    0x00000000         0x00001000
reset            0x01000000         0x00000020
sdram            0x01000020         0x007fffe0
*default*        0x00000000         0xffffffff

Linker script and memory map

LOAD ../Tank_Games_BSP//obj/HAL/src/crt0.o
LOAD obj/default/src/audio.o
LOAD obj/default/src/bmp_decoder.o
LOAD obj/default/src/collision.o
LOAD obj/default/src/graphics.o
LOAD obj/default/src/main.o
LOAD obj/default/src/projectiles.o
LOAD obj/default/src/ps_controller.o
LOAD obj/default/src/tank.o
LOAD obj/default/src/tank_controls.o
LOAD obj/default/src/terrain.o
LOAD obj/default/src/timing.o
LOAD obj/default/src/vga.o
LOAD e:/altera/12.0sp2/nios2eds/bin/gnu/h-i686-mingw32/bin/../lib/gcc/nios2-elf/4.1.2/../../../../nios2-elf/lib\libstdc++.a
LOAD e:/altera/12.0sp2/nios2eds/bin/gnu/h-i686-mingw32/bin/../lib/gcc/nios2-elf/4.1.2/../../../../nios2-elf/lib\libm.a
LOAD e:/altera/12.0sp2/nios2eds/bin/gnu/h-i686-mingw32/bin/../lib/gcc/nios2-elf/4.1.2\libgcc.a
START GROUP
LOAD e:/altera/12.0sp2/nios2eds/bin/gnu/h-i686-mingw32/bin/../lib/gcc/nios2-elf/4.1.2/../../../../nios2-elf/lib\libc.a
LOAD e:/altera/12.0sp2/nios2eds/bin/gnu/h-i686-mingw32/bin/../lib/gcc/nios2-elf/4.1.2\libgcc.a
LOAD ../Tank_Games_BSP/\libhal_bsp.a
END GROUP
LOAD e:/altera/12.0sp2/nios2eds/bin/gnu/h-i686-mingw32/bin/../lib/gcc/nios2-elf/4.1.2\libgcc.a
                0x00000000                __alt_mem_onchip_memory = 0x0
                0x01000000                __alt_mem_sdram = 0x1000000

.entry          0x01000000       0x20
 *(.entry)
 .entry         0x01000000       0x20 ../Tank_Games_BSP//obj/HAL/src/crt0.o
                0x01000000                __reset

.exceptions     0x01000020      0x198
                0x01000020                PROVIDE (__ram_exceptions_start, ABSOLUTE (.))
                0x01000020                . = ALIGN (0x20)
 *(.irq)
 *(.exceptions.entry.label)
 .exceptions.entry.label
                0x01000020        0x0 ../Tank_Games_BSP/\libhal_bsp.a(alt_irq_entry.o)
                0x01000020                alt_irq_entry
 .exceptions.entry.label
                0x01000020        0x0 ../Tank_Games_BSP/\libhal_bsp.a(alt_exception_entry.o)
                0x01000020                alt_exception
 *(.exceptions.entry.user)
 *(.exceptions.entry)
 .exceptions.entry
                0x01000020       0x54 ../Tank_Games_BSP/\libhal_bsp.a(alt_exception_entry.o)
 *(.exceptions.irqtest.user)
 *(.exceptions.irqtest)
 .exceptions.irqtest
                0x01000074       0x10 ../Tank_Games_BSP/\libhal_bsp.a(alt_irq_entry.o)
 *(.exceptions.irqhandler.user)
 *(.exceptions.irqhandler)
 .exceptions.irqhandler
                0x01000084        0x4 ../Tank_Games_BSP/\libhal_bsp.a(alt_irq_entry.o)
 *(.exceptions.irqreturn.user)
 *(.exceptions.irqreturn)
 .exceptions.irqreturn
                0x01000088        0x4 ../Tank_Games_BSP/\libhal_bsp.a(alt_irq_entry.o)
 *(.exceptions.notirq.label)
 .exceptions.notirq.label
                0x0100008c        0x0 ../Tank_Games_BSP/\libhal_bsp.a(alt_irq_entry.o)
 *(.exceptions.notirq.user)
 *(.exceptions.notirq)
 .exceptions.notirq
                0x0100008c        0x8 ../Tank_Games_BSP/\libhal_bsp.a(alt_exception_entry.o)
 *(.exceptions.soft.user)
 *(.exceptions.soft)
 *(.exceptions.unknown.user)
 *(.exceptions.unknown)
 .exceptions.unknown
                0x01000094        0x4 ../Tank_Games_BSP/\libhal_bsp.a(alt_exception_entry.o)
 *(.exceptions.exit.label)
 .exceptions.exit.label
                0x01000098        0x0 ../Tank_Games_BSP/\libhal_bsp.a(alt_irq_entry.o)
 .exceptions.exit.label
                0x01000098        0x0 ../Tank_Games_BSP/\libhal_bsp.a(alt_exception_entry.o)
 *(.exceptions.exit.user)
 *(.exceptions.exit)
 .exceptions.exit
                0x01000098       0x54 ../Tank_Games_BSP/\libhal_bsp.a(alt_exception_entry.o)
 *(.exceptions)
 .exceptions    0x010000ec       0xcc ../Tank_Games_BSP/\libhal_bsp.a(alt_irq_handler.o)
                0x010000ec                alt_irq_handler
                0x010001b8                PROVIDE (__ram_exceptions_end, ABSOLUTE (.))
                0x01000020                PROVIDE (__flash_exceptions_start, LOADADDR (.exceptions))

.text           0x010001b8    0x197e0
                0x010001b8                PROVIDE (stext, ABSOLUTE (.))
 *(.interp)
 *(.hash)
 *(.dynsym)
 *(.dynstr)
 *(.gnu.version)
 *(.gnu.version_d)
 *(.gnu.version_r)
 *(.rel.init)
 *(.rela.init)
 *(.rel.text .rel.text.* .rel.gnu.linkonce.t.*)
 *(.rela.text .rela.text.* .rela.gnu.linkonce.t.*)
 *(.rel.fini)
 *(.rela.fini)
 *(.rel.rodata .rel.rodata.* .rel.gnu.linkonce.r.*)
 *(.rela.rodata .rela.rodata.* .rela.gnu.linkonce.r.*)
 *(.rel.data .rel.data.* .rel.gnu.linkonce.d.*)
 *(.rela.data .rela.data.* .rela.gnu.linkonce.d.*)
 *(.rel.tdata .rel.tdata.* .rel.gnu.linkonce.td.*)
 *(.rela.tdata .rela.tdata.* .rela.gnu.linkonce.td.*)
 *(.rel.tbss .rel.tbss.* .rel.gnu.linkonce.tb.*)
 *(.rela.tbss .rela.tbss.* .rela.gnu.linkonce.tb.*)
 *(.rel.ctors)
 *(.rela.ctors)
 *(.rel.dtors)
 *(.rela.dtors)
 *(.rel.got)
 *(.rela.got)
 *(.rel.sdata .rel.sdata.* .rel.gnu.linkonce.s.*)
 *(.rela.sdata .rela.sdata.* .rela.gnu.linkonce.s.*)
 *(.rel.sbss .rel.sbss.* .rel.gnu.linkonce.sb.*)
 *(.rela.sbss .rela.sbss.* .rela.gnu.linkonce.sb.*)
 *(.rel.sdata2 .rel.sdata2.* .rel.gnu.linkonce.s2.*)
 *(.rela.sdata2 .rela.sdata2.* .rela.gnu.linkonce.s2.*)
 *(.rel.sbss2 .rel.sbss2.* .rel.gnu.linkonce.sb2.*)
 *(.rela.sbss2 .rela.sbss2.* .rela.gnu.linkonce.sb2.*)
 *(.rel.bss .rel.bss.* .rel.gnu.linkonce.b.*)
 *(.rela.bss .rela.bss.* .rela.gnu.linkonce.b.*)
 *(.rel.plt)
 *(.rela.plt)
 *(.rel.dyn)
 *(.init)
 *(.plt)
 *(.text .stub .text.* .gnu.linkonce.t.*)
 .text          0x010001b8       0x4c ../Tank_Games_BSP//obj/HAL/src/crt0.o
                0x010001b8                _start
 .text          0x01000204      0x838 obj/default/src/audio.o
                0x010002d8                av_config_setup
                0x01000344                init_sd
                0x01000518                play_wav
                0x010005e0                init_wav
                0x010008d4                clean_audio
                0x01000950                time_audio
 .text          0x01000a3c      0x8fc obj/default/src/bmp_decoder.o
                0x010012ac                decode_Bmp
 .text          0x01001338      0x2e0 obj/default/src/collision.o
                0x01001338                init_CollisionMatrix
                0x010013d8                set_CollisionAt
                0x01001438                set_CollisionAtRectArea
                0x010014e8                check_CollisionAt
                0x0100155c                check_CollisionAtRectArea
 .text          0x01001618      0x108 obj/default/src/graphics.o
                0x01001618                initVGA
                0x01001684                clearForeground
                0x010016b4                clearBackground
                0x010016e4                updateVGA
 .text          0x01001720      0x27c obj/default/src/main.o
                0x01001720                main
 .text          0x0100199c      0xc3c obj/default/src/projectiles.o
                0x0100199c                shoot_Missile
                0x01002188                calc_Ypos
                0x010022ac                calc_Xpos
                0x01002318                calc_XVelocity
                0x010023c0                calc_YVelocity
                0x01002468                isWithinBounds
                0x010024c4                deg_to_Rad
                0x0100255c                rad_to_Deg
 .text          0x010025d8       0x34 obj/default/src/ps_controller.o
                0x010025d8                update_Controller_Keys
 .text          0x0100260c      0x3b4 obj/default/src/tank.o
                0x0100260c                drawTank
                0x010027c0                initUserTank
                0x01002884                initEnemyTank1
                0x01002928                moveTank
 .text          0x010029c0      0x5b8 obj/default/src/tank_controls.o
                0x010029c0                set_UserTank
                0x01002bc4                set_Angle
                0x01002c5c                set_Velocity
                0x01002cdc                delay
                0x01002d08                display_Input
 .text          0x01002f78      0x1b4 obj/default/src/terrain.o
                0x01002f78                initTerrain
                0x01002fb8                drawBackground
                0x0100306c                drawTerrain
 .text          0x0100312c      0x150 obj/default/src/timing.o
                0x0100312c                audio_isr
                0x010031e4                start_clock
                0x0100323c                my_alarm_callback
 .text          0x0100327c       0xa8 obj/default/src/vga.o
                0x0100327c                init_VGA_Pixel
                0x010032e0                init_VGA_Char
 .text          0x01003324      0x168 e:/altera/12.0sp2/nios2eds/bin/gnu/h-i686-mingw32/bin/../lib/gcc/nios2-elf/4.1.2/../../../../nios2-elf/lib\libm.a(lib_a-s_cos.o)
                0x01003324                cos
 .text          0x0100348c      0x16c e:/altera/12.0sp2/nios2eds/bin/gnu/h-i686-mingw32/bin/../lib/gcc/nios2-elf/4.1.2/../../../../nios2-elf/lib\libm.a(lib_a-s_sin.o)
                0x0100348c                sin
 .text          0x010035f8      0x828 e:/altera/12.0sp2/nios2eds/bin/gnu/h-i686-mingw32/bin/../lib/gcc/nios2-elf/4.1.2/../../../../nios2-elf/lib\libm.a(lib_a-e_rem_pio2.o)
                0x010035f8                __ieee754_rem_pio2
 .text          0x01003e20      0x52c e:/altera/12.0sp2/nios2eds/bin/gnu/h-i686-mingw32/bin/../lib/gcc/nios2-elf/4.1.2/../../../../nios2-elf/lib\libm.a(lib_a-k_cos.o)
                0x01003e20                __kernel_cos
 .text          0x0100434c      0xe7c e:/altera/12.0sp2/nios2eds/bin/gnu/h-i686-mingw32/bin/../lib/gcc/nios2-elf/4.1.2/../../../../nios2-elf/lib\libm.a(lib_a-k_rem_pio2.o)
                0x0100434c                __kernel_rem_pio2
 .text          0x010051c8      0x318 e:/altera/12.0sp2/nios2eds/bin/gnu/h-i686-mingw32/bin/../lib/gcc/nios2-elf/4.1.2/../../../../nios2-elf/lib\libm.a(lib_a-k_sin.o)
                0x010051c8                __kernel_sin
 .text          0x010054e0       0x18 e:/altera/12.0sp2/nios2eds/bin/gnu/h-i686-mingw32/bin/../lib/gcc/nios2-elf/4.1.2/../../../../nios2-elf/lib\libm.a(lib_a-s_fabs.o)
                0x010054e0                fabs
 .text          0x010054f8      0x224 e:/altera/12.0sp2/nios2eds/bin/gnu/h-i686-mingw32/bin/../lib/gcc/nios2-elf/4.1.2/../../../../nios2-elf/lib\libm.a(lib_a-s_floor.o)
                0x010054f8                floor
 .text          0x0100571c      0x1e0 e:/altera/12.0sp2/nios2eds/bin/gnu/h-i686-mingw32/bin/../lib/gcc/nios2-elf/4.1.2/../../../../nios2-elf/lib\libm.a(lib_a-s_scalbn.o)
                0x0100571c                scalbn
 .text          0x010058fc       0x24 e:/altera/12.0sp2/nios2eds/bin/gnu/h-i686-mingw32/bin/../lib/gcc/nios2-elf/4.1.2/../../../../nios2-elf/lib\libm.a(lib_a-s_copysign.o)
                0x010058fc                copysign
 .text          0x01005920       0xa4 e:/altera/12.0sp2/nios2eds/bin/gnu/h-i686-mingw32/bin/../lib/gcc/nios2-elf/4.1.2\libgcc.a(_fixunsdfsi.o)
                0x01005920                __fixunsdfsi
 .text          0x010059c4      0x2b8 e:/altera/12.0sp2/nios2eds/bin/gnu/h-i686-mingw32/bin/../lib/gcc/nios2-elf/4.1.2\libgcc.a(_addsub_sf.o)
                0x01005ba8                __subsf3
                0x01005c18                __addsf3
 .text          0x01005c7c      0x1e0 e:/altera/12.0sp2/nios2eds/bin/gnu/h-i686-mingw32/bin/../lib/gcc/nios2-elf/4.1.2\libgcc.a(_mul_sf.o)
                0x01005c7c                __mulsf3
 .text          0x01005e5c       0x78 e:/altera/12.0sp2/nios2eds/bin/gnu/h-i686-mingw32/bin/../lib/gcc/nios2-elf/4.1.2\libgcc.a(_lt_sf.o)
                0x01005e5c                __ltsf2
 .text          0x01005ed4       0x98 e:/altera/12.0sp2/nios2eds/bin/gnu/h-i686-mingw32/bin/../lib/gcc/nios2-elf/4.1.2\libgcc.a(_si_to_sf.o)
                0x01005ed4                __floatsisf
 .text          0x01005f6c       0x94 e:/altera/12.0sp2/nios2eds/bin/gnu/h-i686-mingw32/bin/../lib/gcc/nios2-elf/4.1.2\libgcc.a(_sf_to_si.o)
                0x01005f6c                __fixsfsi
 .text          0x01006000       0x54 e:/altera/12.0sp2/nios2eds/bin/gnu/h-i686-mingw32/bin/../lib/gcc/nios2-elf/4.1.2\libgcc.a(_sf_to_df.o)
                0x01006000                __extendsfdf2
 .text          0x01006054        0x0 e:/altera/12.0sp2/nios2eds/bin/gnu/h-i686-mingw32/bin/../lib/gcc/nios2-elf/4.1.2\libgcc.a(_thenan_sf.o)
 .text          0x01006054      0x504 e:/altera/12.0sp2/nios2eds/bin/gnu/h-i686-mingw32/bin/../lib/gcc/nios2-elf/4.1.2\libgcc.a(_addsub_df.o)
                0x01006464                __subdf3
                0x010064e4                __adddf3
 .text          0x01006558      0x3c4 e:/altera/12.0sp2/nios2eds/bin/gnu/h-i686-mingw32/bin/../lib/gcc/nios2-elf/4.1.2\libgcc.a(_mul_df.o)
                0x01006558                __muldf3
 .text          0x0100691c      0x258 e:/altera/12.0sp2/nios2eds/bin/gnu/h-i686-mingw32/bin/../lib/gcc/nios2-elf/4.1.2\libgcc.a(_div_df.o)
                0x0100691c                __divdf3
 .text          0x01006b74       0x88 e:/altera/12.0sp2/nios2eds/bin/gnu/h-i686-mingw32/bin/../lib/gcc/nios2-elf/4.1.2\libgcc.a(_eq_df.o)
                0x01006b74                __eqdf2
 .text          0x01006bfc       0x88 e:/altera/12.0sp2/nios2eds/bin/gnu/h-i686-mingw32/bin/../lib/gcc/nios2-elf/4.1.2\libgcc.a(_gt_df.o)
                0x01006bfc                __gtdf2
 .text          0x01006c84       0x88 e:/altera/12.0sp2/nios2eds/bin/gnu/h-i686-mingw32/bin/../lib/gcc/nios2-elf/4.1.2\libgcc.a(_ge_df.o)
                0x01006c84                __gedf2
 .text          0x01006d0c       0xf8 e:/altera/12.0sp2/nios2eds/bin/gnu/h-i686-mingw32/bin/../lib/gcc/nios2-elf/4.1.2\libgcc.a(_si_to_df.o)
                0x01006d0c                __floatsidf
 .text          0x01006e04       0xd8 e:/altera/12.0sp2/nios2eds/bin/gnu/h-i686-mingw32/bin/../lib/gcc/nios2-elf/4.1.2\libgcc.a(_df_to_si.o)
                0x01006e04                __fixdfsi
 .text          0x01006edc       0x38 e:/altera/12.0sp2/nios2eds/bin/gnu/h-i686-mingw32/bin/../lib/gcc/nios2-elf/4.1.2\libgcc.a(_make_df.o)
                0x01006edc                __make_dp
 .text          0x01006f14       0x74 e:/altera/12.0sp2/nios2eds/bin/gnu/h-i686-mingw32/bin/../lib/gcc/nios2-elf/4.1.2\libgcc.a(_df_to_sf.o)
                0x01006f14                __truncdfsf2
 .text          0x01006f88        0x0 e:/altera/12.0sp2/nios2eds/bin/gnu/h-i686-mingw32/bin/../lib/gcc/nios2-elf/4.1.2\libgcc.a(_thenan_df.o)
 .text          0x01006f88      0x194 e:/altera/12.0sp2/nios2eds/bin/gnu/h-i686-mingw32/bin/../lib/gcc/nios2-elf/4.1.2\libgcc.a(_usi_to_df.o)
                0x01006f88                __floatunsidf
 .text          0x0100711c      0x14c e:/altera/12.0sp2/nios2eds/bin/gnu/h-i686-mingw32/bin/../lib/gcc/nios2-elf/4.1.2\libgcc.a(lib2-divmod.o)
                0x01007198                __divsi3
                0x010071f8                __modsi3
                0x01007258                __udivsi3
                0x01007260                __umodsi3
 .text          0x01007268       0x98 e:/altera/12.0sp2/nios2eds/bin/gnu/h-i686-mingw32/bin/../lib/gcc/nios2-elf/4.1.2\libgcc.a(_muldi3.o)
                0x01007268                __muldi3
 .text          0x01007300       0x80 e:/altera/12.0sp2/nios2eds/bin/gnu/h-i686-mingw32/bin/../lib/gcc/nios2-elf/4.1.2\libgcc.a(_clzsi2.o)
                0x01007300                __clzsi2
 .text          0x01007380      0x160 e:/altera/12.0sp2/nios2eds/bin/gnu/h-i686-mingw32/bin/../lib/gcc/nios2-elf/4.1.2\libgcc.a(_pack_sf.o)
                0x01007380                __pack_f
 .text          0x010074e0       0xc8 e:/altera/12.0sp2/nios2eds/bin/gnu/h-i686-mingw32/bin/../lib/gcc/nios2-elf/4.1.2\libgcc.a(_unpack_sf.o)
                0x010074e0                __unpack_f
 .text          0x010075a8       0xa8 e:/altera/12.0sp2/nios2eds/bin/gnu/h-i686-mingw32/bin/../lib/gcc/nios2-elf/4.1.2\libgcc.a(_fpcmp_parts_sf.o)
                0x010075a8                __fpcmp_parts_f
 .text          0x01007650       0x2c e:/altera/12.0sp2/nios2eds/bin/gnu/h-i686-mingw32/bin/../lib/gcc/nios2-elf/4.1.2\libgcc.a(_make_sf.o)
                0x01007650                __make_fp
 .text          0x0100767c      0x314 e:/altera/12.0sp2/nios2eds/bin/gnu/h-i686-mingw32/bin/../lib/gcc/nios2-elf/4.1.2\libgcc.a(_pack_df.o)
                0x0100767c                __pack_d
 .text          0x01007990      0x138 e:/altera/12.0sp2/nios2eds/bin/gnu/h-i686-mingw32/bin/../lib/gcc/nios2-elf/4.1.2\libgcc.a(_unpack_df.o)
                0x01007990                __unpack_d
 .text          0x01007ac8       0xc8 e:/altera/12.0sp2/nios2eds/bin/gnu/h-i686-mingw32/bin/../lib/gcc/nios2-elf/4.1.2\libgcc.a(_fpcmp_parts_df.o)
                0x01007ac8                __fpcmp_parts_d
 .text          0x01007b90        0x0 e:/altera/12.0sp2/nios2eds/bin/gnu/h-i686-mingw32/bin/../lib/gcc/nios2-elf/4.1.2\libgcc.a(_clz.o)
 .text          0x01007b90       0x38 e:/altera/12.0sp2/nios2eds/bin/gnu/h-i686-mingw32/bin/../lib/gcc/nios2-elf/4.1.2/../../../../nios2-elf/lib\libc.a(lib_a-exit.o)
                0x01007b90                exit
 .text          0x01007bc8        0x0 e:/altera/12.0sp2/nios2eds/bin/gnu/h-i686-mingw32/bin/../lib/gcc/nios2-elf/4.1.2/../../../../nios2-elf/lib\libc.a(lib_a-impure.o)
 .text          0x01007bc8       0x28 e:/altera/12.0sp2/nios2eds/bin/gnu/h-i686-mingw32/bin/../lib/gcc/nios2-elf/4.1.2/../../../../nios2-elf/lib\libc.a(lib_a-malloc.o)
                0x01007bc8                free
                0x01007bdc                malloc
 .text          0x01007bf0      0x740 e:/altera/12.0sp2/nios2eds/bin/gnu/h-i686-mingw32/bin/../lib/gcc/nios2-elf/4.1.2/../../../../nios2-elf/lib\libc.a(lib_a-mallocr.o)
                0x01007bf0                _malloc_r
 .text          0x01008330       0xa0 e:/altera/12.0sp2/nios2eds/bin/gnu/h-i686-mingw32/bin/../lib/gcc/nios2-elf/4.1.2/../../../../nios2-elf/lib\libc.a(lib_a-memcpy.o)
                0x01008330                memcpy
 .text          0x010083d0       0x98 e:/altera/12.0sp2/nios2eds/bin/gnu/h-i686-mingw32/bin/../lib/gcc/nios2-elf/4.1.2/../../../../nios2-elf/lib\libc.a(lib_a-memset.o)
                0x010083d0                memset
 .text          0x01008468       0x78 e:/altera/12.0sp2/nios2eds/bin/gnu/h-i686-mingw32/bin/../lib/gcc/nios2-elf/4.1.2/../../../../nios2-elf/lib\libc.a(lib_a-printf.o)
                0x01008468                printf
                0x010084ac                _printf_r
 .text          0x010084e0       0xb4 e:/altera/12.0sp2/nios2eds/bin/gnu/h-i686-mingw32/bin/../lib/gcc/nios2-elf/4.1.2/../../../../nios2-elf/lib\libc.a(lib_a-puts.o)
                0x010084e0                _puts_r
                0x01008580                puts
 .text          0x01008594       0x70 e:/altera/12.0sp2/nios2eds/bin/gnu/h-i686-mingw32/bin/../lib/gcc/nios2-elf/4.1.2/../../../../nios2-elf/lib\libc.a(lib_a-sbrkr.o)
                0x01008594                _sbrk_r
 .text          0x01008604       0xd4 e:/altera/12.0sp2/nios2eds/bin/gnu/h-i686-mingw32/bin/../lib/gcc/nios2-elf/4.1.2/../../../../nios2-elf/lib\libc.a(lib_a-sprintf.o)
                0x01008604                sprintf
                0x01008678                _sprintf_r
 .text          0x010086d8       0x74 e:/altera/12.0sp2/nios2eds/bin/gnu/h-i686-mingw32/bin/../lib/gcc/nios2-elf/4.1.2/../../../../nios2-elf/lib\libc.a(lib_a-strlen.o)
                0x010086d8                strlen
 .text          0x0100874c     0x1f28 e:/altera/12.0sp2/nios2eds/bin/gnu/h-i686-mingw32/bin/../lib/gcc/nios2-elf/4.1.2/../../../../nios2-elf/lib\libc.a(lib_a-vfprintf.o)
                0x010087a4                ___vfprintf_internal_r
                0x0100a650                __vfprintf_internal
 .text          0x0100a674      0x13c e:/altera/12.0sp2/nios2eds/bin/gnu/h-i686-mingw32/bin/../lib/gcc/nios2-elf/4.1.2/../../../../nios2-elf/lib\libc.a(lib_a-wsetup.o)
                0x0100a674                __swsetup_r
 .text          0x0100a7b0      0x1b4 e:/altera/12.0sp2/nios2eds/bin/gnu/h-i686-mingw32/bin/../lib/gcc/nios2-elf/4.1.2/../../../../nios2-elf/lib\libc.a(lib_a-__call_atexit.o)
                0x0100a7b4                __call_exitprocs
 .text          0x0100a964     0x17cc e:/altera/12.0sp2/nios2eds/bin/gnu/h-i686-mingw32/bin/../lib/gcc/nios2-elf/4.1.2/../../../../nios2-elf/lib\libc.a(lib_a-dtoa.o)
                0x0100ab7c                _dtoa_r
 .text          0x0100c130      0x230 e:/altera/12.0sp2/nios2eds/bin/gnu/h-i686-mingw32/bin/../lib/gcc/nios2-elf/4.1.2/../../../../nios2-elf/lib\libc.a(lib_a-fflush.o)
                0x0100c130                _fflush_r
                0x0100c32c                fflush
 .text          0x0100c360      0x2c0 e:/altera/12.0sp2/nios2eds/bin/gnu/h-i686-mingw32/bin/../lib/gcc/nios2-elf/4.1.2/../../../../nios2-elf/lib\libc.a(lib_a-findfp.o)
                0x0100c3b8                __sfp_lock_acquire
                0x0100c3bc                __sfp_lock_release
                0x0100c3c0                __sinit_lock_acquire
                0x0100c3c4                __sinit_lock_release
                0x0100c3c8                __sinit
                0x0100c47c                __fp_unlock_all
                0x0100c494                __fp_lock_all
                0x0100c4ac                _cleanup_r
                0x0100c4b8                _cleanup
                0x0100c4c8                __sfmoreglue
                0x0100c530                __sfp
 .text          0x0100c620      0x440 e:/altera/12.0sp2/nios2eds/bin/gnu/h-i686-mingw32/bin/../lib/gcc/nios2-elf/4.1.2/../../../../nios2-elf/lib\libc.a(lib_a-freer.o)
                0x0100c620                _malloc_trim_r
                0x0100c74c                _free_r
 .text          0x0100ca60      0x49c e:/altera/12.0sp2/nios2eds/bin/gnu/h-i686-mingw32/bin/../lib/gcc/nios2-elf/4.1.2/../../../../nios2-elf/lib\libc.a(lib_a-fvwrite.o)
                0x0100ca60                __sfvwrite_r
 .text          0x0100cefc      0x180 e:/altera/12.0sp2/nios2eds/bin/gnu/h-i686-mingw32/bin/../lib/gcc/nios2-elf/4.1.2/../../../../nios2-elf/lib\libc.a(lib_a-fwalk.o)
                0x0100cefc                _fwalk_reent
                0x0100cfc4                _fwalk
 .text          0x0100d07c        0x0 e:/altera/12.0sp2/nios2eds/bin/gnu/h-i686-mingw32/bin/../lib/gcc/nios2-elf/4.1.2/../../../../nios2-elf/lib\libc.a(lib_a-int_errno.o)
 .text          0x0100d07c       0xc4 e:/altera/12.0sp2/nios2eds/bin/gnu/h-i686-mingw32/bin/../lib/gcc/nios2-elf/4.1.2/../../../../nios2-elf/lib\libc.a(lib_a-locale.o)
                0x0100d07c                __locale_charset
                0x0100d084                _localeconv_r
                0x0100d090                localeconv
                0x0100d0a0                _setlocale_r
                0x0100d124                setlocale
 .text          0x0100d140      0x194 e:/altera/12.0sp2/nios2eds/bin/gnu/h-i686-mingw32/bin/../lib/gcc/nios2-elf/4.1.2/../../../../nios2-elf/lib\libc.a(lib_a-makebuf.o)
                0x0100d140                __smakebuf_r
 .text          0x0100d2d4       0xe4 e:/altera/12.0sp2/nios2eds/bin/gnu/h-i686-mingw32/bin/../lib/gcc/nios2-elf/4.1.2/../../../../nios2-elf/lib\libc.a(lib_a-memchr.o)
                0x0100d2d4                memchr
 .text          0x0100d3b8       0xe0 e:/altera/12.0sp2/nios2eds/bin/gnu/h-i686-mingw32/bin/../lib/gcc/nios2-elf/4.1.2/../../../../nios2-elf/lib\libc.a(lib_a-memmove.o)
                0x0100d3b8                memmove
 .text          0x0100d498      0xff4 e:/altera/12.0sp2/nios2eds/bin/gnu/h-i686-mingw32/bin/../lib/gcc/nios2-elf/4.1.2/../../../../nios2-elf/lib\libc.a(lib_a-mprec.o)
                0x0100d498                _Bfree
                0x0100d4c0                __hi0bits
                0x0100d530                __lo0bits
                0x0100d5f4                __mcmp
                0x0100d654                __ulp
                0x0100d6d4                __b2d
                0x0100d7f4                __ratio
                0x0100d8a4                _mprec_log10
                0x0100d938                __copybits
                0x0100d990                __any_on
                0x0100da18                _Balloc
                0x0100dad4                __d2b
                0x0100dc50                __mdiff
                0x0100dddc                __lshift
                0x0100df28                __multiply
                0x0100e110                __i2b
                0x0100e14c                __multadd
                0x0100e24c                __pow5mult
                0x0100e36c                __s2b
 .text          0x0100e48c      0x5f4 e:/altera/12.0sp2/nios2eds/bin/gnu/h-i686-mingw32/bin/../lib/gcc/nios2-elf/4.1.2/../../../../nios2-elf/lib\libc.a(lib_a-reallocr.o)
                0x0100e48c                _realloc_r
 .text          0x0100ea80       0x40 e:/altera/12.0sp2/nios2eds/bin/gnu/h-i686-mingw32/bin/../lib/gcc/nios2-elf/4.1.2/../../../../nios2-elf/lib\libc.a(lib_a-s_isinfd.o)
                0x0100ea80                __isinfd
 .text          0x0100eac0       0x30 e:/altera/12.0sp2/nios2eds/bin/gnu/h-i686-mingw32/bin/../lib/gcc/nios2-elf/4.1.2/../../../../nios2-elf/lib\libc.a(lib_a-s_isnand.o)
                0x0100eac0                __isnand
 .text          0x0100eaf0      0x14c e:/altera/12.0sp2/nios2eds/bin/gnu/h-i686-mingw32/bin/../lib/gcc/nios2-elf/4.1.2/../../../../nios2-elf/lib\libc.a(lib_a-stdio.o)
                0x0100eaf0                __sclose
                0x0100eaf8                __sseek
                0x0100eb60                __swrite
                0x0100ebdc                __sread
 .text          0x0100ec3c       0xbc e:/altera/12.0sp2/nios2eds/bin/gnu/h-i686-mingw32/bin/../lib/gcc/nios2-elf/4.1.2/../../../../nios2-elf/lib\libc.a(lib_a-strcmp.o)
                0x0100ec3c                strcmp
 .text          0x0100ecf8       0x78 e:/altera/12.0sp2/nios2eds/bin/gnu/h-i686-mingw32/bin/../lib/gcc/nios2-elf/4.1.2/../../../../nios2-elf/lib\libc.a(lib_a-writer.o)
                0x0100ecf8                _write_r
 .text          0x0100ed70       0xb4 e:/altera/12.0sp2/nios2eds/bin/gnu/h-i686-mingw32/bin/../lib/gcc/nios2-elf/4.1.2/../../../../nios2-elf/lib\libc.a(lib_a-callocr.o)
                0x0100ed70                _calloc_r
 .text          0x0100ee24       0x70 e:/altera/12.0sp2/nios2eds/bin/gnu/h-i686-mingw32/bin/../lib/gcc/nios2-elf/4.1.2/../../../../nios2-elf/lib\libc.a(lib_a-closer.o)
                0x0100ee24                _close_r
 .text          0x0100ee94      0x124 e:/altera/12.0sp2/nios2eds/bin/gnu/h-i686-mingw32/bin/../lib/gcc/nios2-elf/4.1.2/../../../../nios2-elf/lib\libc.a(lib_a-fclose.o)
                0x0100ee94                _fclose_r
                0x0100efa4                fclose
 .text          0x0100efb8       0x74 e:/altera/12.0sp2/nios2eds/bin/gnu/h-i686-mingw32/bin/../lib/gcc/nios2-elf/4.1.2/../../../../nios2-elf/lib\libc.a(lib_a-fstatr.o)
                0x0100efb8                _fstat_r
 .text          0x0100f02c       0x70 e:/altera/12.0sp2/nios2eds/bin/gnu/h-i686-mingw32/bin/../lib/gcc/nios2-elf/4.1.2/../../../../nios2-elf/lib\libc.a(lib_a-isattyr.o)
                0x0100f02c                _isatty_r
 .text          0x0100f09c       0x78 e:/altera/12.0sp2/nios2eds/bin/gnu/h-i686-mingw32/bin/../lib/gcc/nios2-elf/4.1.2/../../../../nios2-elf/lib\libc.a(lib_a-lseekr.o)
                0x0100f09c                _lseek_r
 .text          0x0100f114       0x78 e:/altera/12.0sp2/nios2eds/bin/gnu/h-i686-mingw32/bin/../lib/gcc/nios2-elf/4.1.2/../../../../nios2-elf/lib\libc.a(lib_a-readr.o)
                0x0100f114                _read_r
 .text          0x0100f18c      0x5dc e:/altera/12.0sp2/nios2eds/bin/gnu/h-i686-mingw32/bin/../lib/gcc/nios2-elf/4.1.2\libgcc.a(_udivdi3.o)
                0x0100f18c                __udivdi3
 .text          0x0100f768      0x5b0 e:/altera/12.0sp2/nios2eds/bin/gnu/h-i686-mingw32/bin/../lib/gcc/nios2-elf/4.1.2\libgcc.a(_umoddi3.o)
                0x0100f768                __umoddi3
 .text          0x0100fd18       0x88 e:/altera/12.0sp2/nios2eds/bin/gnu/h-i686-mingw32/bin/../lib/gcc/nios2-elf/4.1.2\libgcc.a(_ne_df.o)
                0x0100fd18                __nedf2
 .text          0x0100fda0       0x88 e:/altera/12.0sp2/nios2eds/bin/gnu/h-i686-mingw32/bin/../lib/gcc/nios2-elf/4.1.2\libgcc.a(_lt_df.o)
                0x0100fda0                __ltdf2
 .text          0x0100fe28      0x154 ../Tank_Games_BSP/\libhal_bsp.a(alt_alarm_start.o)
                0x0100fe28                alt_alarm_start
 .text          0x0100ff7c      0x15c ../Tank_Games_BSP/\libhal_bsp.a(alt_close.o)
                0x0100ff7c                close
 .text          0x010100d8       0x2c ../Tank_Games_BSP/\libhal_bsp.a(alt_dev.o)
 .text          0x01010104        0x0 ../Tank_Games_BSP/\libhal_bsp.a(alt_errno.o)
 .text          0x01010104       0x60 ../Tank_Games_BSP/\libhal_bsp.a(alt_exit.o)
                0x01010144                _exit
 .text          0x01010164      0x134 ../Tank_Games_BSP/\libhal_bsp.a(alt_fstat.o)
                0x01010164                fstat
 .text          0x01010298      0x1c0 ../Tank_Games_BSP/\libhal_bsp.a(alt_irq_register.o)
                0x01010298                alt_irq_register
 .text          0x01010458        0x0 ../Tank_Games_BSP/\libhal_bsp.a(alt_irq_vars.o)
 .text          0x01010458      0x120 ../Tank_Games_BSP/\libhal_bsp.a(alt_isatty.o)
                0x01010458                isatty
 .text          0x01010578       0xec ../Tank_Games_BSP/\libhal_bsp.a(alt_load.o)
                0x01010578                alt_load
 .text          0x01010664      0x150 ../Tank_Games_BSP/\libhal_bsp.a(alt_lseek.o)
                0x01010664                lseek
 .text          0x010107b4       0x6c ../Tank_Games_BSP/\libhal_bsp.a(alt_main.o)
                0x010107b4                alt_main
 .text          0x01010820       0x40 ../Tank_Games_BSP/\libhal_bsp.a(alt_malloc_lock.o)
                0x01010820                __malloc_lock
                0x01010840                __malloc_unlock
 .text          0x01010860      0x180 ../Tank_Games_BSP/\libhal_bsp.a(alt_read.o)
                0x01010860                read
 .text          0x010109e0       0x60 ../Tank_Games_BSP/\libhal_bsp.a(alt_release_fd.o)
                0x010109e0                alt_release_fd
 .text          0x01010a40       0xbc ../Tank_Games_BSP/\libhal_bsp.a(alt_sbrk.o)
                0x01010a40                sbrk
 .text          0x01010afc      0x1a4 ../Tank_Games_BSP/\libhal_bsp.a(alt_tick.o)
                0x01010afc                alt_alarm_stop
                0x01010b94                alt_tick
 .text          0x01010ca0       0x30 ../Tank_Games_BSP/\libhal_bsp.a(alt_usleep.o)
                0x01010ca0                usleep
 .text          0x01010cd0      0x180 ../Tank_Games_BSP/\libhal_bsp.a(alt_write.o)
                0x01010cd0                write
 .text          0x01010e50      0x3c0 ../Tank_Games_BSP/\libhal_bsp.a(alt_sys_init.o)
                0x01010e50                alt_irq_init
                0x01010e84                alt_sys_init
 .text          0x01011210      0x148 ../Tank_Games_BSP/\libhal_bsp.a(altera_avalon_jtag_uart_fd.o)
                0x01011210                altera_avalon_jtag_uart_read_fd
                0x01011268                altera_avalon_jtag_uart_write_fd
                0x010112c0                altera_avalon_jtag_uart_close_fd
                0x01011308                altera_avalon_jtag_uart_ioctl_fd
 .text          0x01011358      0x408 ../Tank_Games_BSP/\libhal_bsp.a(altera_avalon_jtag_uart_init.o)
                0x01011358                altera_avalon_jtag_uart_init
                0x010116ec                altera_avalon_jtag_uart_close
 .text          0x01011760       0xf4 ../Tank_Games_BSP/\libhal_bsp.a(altera_avalon_jtag_uart_ioctl.o)
                0x01011760                altera_avalon_jtag_uart_ioctl
 .text          0x01011854      0x224 ../Tank_Games_BSP/\libhal_bsp.a(altera_avalon_jtag_uart_read.o)
                0x01011854                altera_avalon_jtag_uart_read
 .text          0x01011a78      0x240 ../Tank_Games_BSP/\libhal_bsp.a(altera_avalon_jtag_uart_write.o)
                0x01011a78                altera_avalon_jtag_uart_write
 .text          0x01011cb8       0xfc ../Tank_Games_BSP/\libhal_bsp.a(altera_avalon_timer_sc.o)
                0x01011d2c                alt_avalon_timer_sc_init
 .text          0x01011db4      0x168 ../Tank_Games_BSP/\libhal_bsp.a(altera_avalon_timer_ts.o)
                0x01011db4                alt_timestamp_start
                0x01011e58                alt_timestamp
                0x01011ef4                alt_timestamp_freq
 .text          0x01011f1c        0x0 ../Tank_Games_BSP/\libhal_bsp.a(altera_avalon_timer_vars.o)
 .text          0x01011f1c      0x80c ../Tank_Games_BSP/\libhal_bsp.a(altera_up_avalon_audio.o)
                0x01011f1c                alt_up_audio_open_dev
                0x01011f5c                alt_up_audio_enable_read_interrupt
                0x01011fa8                alt_up_audio_disable_read_interrupt
                0x01011ff8                alt_up_audio_enable_write_interrupt
                0x01012044                alt_up_audio_disable_write_interrupt
                0x01012094                alt_up_audio_read_interrupt_pending
                0x010120d0                alt_up_audio_write_interrupt_pending
                0x0101210c                alt_up_audio_reset_audio_core
                0x01012194                alt_up_audio_read_fifo_avail
                0x01012204                alt_up_audio_record_r
                0x01012274                alt_up_audio_record_l
                0x010122e4                alt_up_audio_write_fifo_space
                0x01012358                alt_up_audio_play_r
                0x010123c8                alt_up_audio_play_l
                0x01012438                alt_up_audio_read_fifo
                0x0101253c                alt_up_audio_write_fifo
                0x01012668                alt_up_audio_read_fifo_head
                0x010126c8                alt_up_audio_write_fifo_head
 .text          0x01012728      0x788 ../Tank_Games_BSP/\libhal_bsp.a(altera_up_avalon_audio_and_video_config.o)
                0x01012728                alt_up_av_config_open_dev
                0x0101278c                alt_up_av_config_write_data
                0x010127f0                alt_up_av_config_read_data
                0x0101287c                alt_up_av_config_reset
                0x010128b4                alt_up_av_config_enable_interrupt
                0x010128ec                alt_up_av_config_disable_interrupt
                0x0101291c                alt_up_av_config_read_acknowledge
                0x01012984                alt_up_av_config_read_ready
                0x010129bc                alt_up_av_config_write_audio_cfg_register
                0x01012a68                alt_up_av_config_read_video_cfg_register
                0x01012b60                alt_up_av_config_write_video_cfg_register
                0x01012c58                alt_up_av_config_read_DC2_cfg_register
                0x01012cbc                alt_up_av_config_write_DC2_cfg_register
                0x01012d20                alt_up_av_config_read_D5M_cfg_register
                0x01012d84                alt_up_av_config_write_D5M_cfg_register
                0x01012de8                alt_up_av_config_read_LTM_cfg_register
                0x01012e4c                alt_up_av_config_write_LTM_cfg_register
 .text          0x01012eb0      0x304 ../Tank_Games_BSP/\libhal_bsp.a(altera_up_avalon_video_character_buffer_with_dma.o)
                0x01012eb0                alt_up_char_buffer_init
                0x01012f34                alt_up_char_buffer_open_dev
                0x01012f74                alt_up_char_buffer_draw
                0x01013044                alt_up_char_buffer_string
                0x01013158                alt_up_char_buffer_clear
 .text          0x010131b4     0x156c ../Tank_Games_BSP/\libhal_bsp.a(altera_up_avalon_video_pixel_buffer_dma.o)
                0x010131b4                alt_up_pixel_buffer_dma_open_dev
                0x010131f4                alt_up_pixel_buffer_dma_draw
                0x01013394                alt_up_pixel_buffer_dma_change_back_buffer_address
                0x010133ec                alt_up_pixel_buffer_dma_swap_buffers
                0x01013444                alt_up_pixel_buffer_dma_check_swap_buffers_status
                0x01013478                alt_up_pixel_buffer_dma_clear_screen
                0x010135dc                alt_up_pixel_buffer_dma_draw_box
                0x01013ad0                alt_up_pixel_buffer_dma_draw_hline
                0x01013e20                alt_up_pixel_buffer_dma_draw_vline
                0x010141f0                alt_up_pixel_buffer_dma_draw_rectangle
                0x010142b4                helper_plot_pixel
                0x01014384                alt_up_pixel_buffer_dma_draw_line
 .text          0x01014720     0x45b4 ../Tank_Games_BSP/\libhal_bsp.a(altera_up_sd_card_avalon_interface.o)
                0x01014720                Write_Sector_Data
                0x010147e8                Save_Modified_Sector
                0x01014838                Read_Sector_Data
                0x01014934                get_cluster_flag
                0x010149ec                mark_cluster
                0x01014ad0                Check_for_Master_Boot_Record
                0x01014c80                Read_File_Record_At_Offset
                0x01014f04                Write_File_Record_At_Offset
                0x010151bc                Check_for_DOS_FAT
                0x010157fc                Look_for_FAT16
                0x01015900                filename_to_upper_case
                0x010159d0                check_file_name_for_FAT16_compliance
                0x01015c60                get_dir_divider_location
                0x01015d20                match_file_record_to_name_ext
                0x0101600c                get_home_directory_cluster_for_file
                0x01016520                find_file_in_directory
                0x01016984                find_first_empty_cluster
                0x01016b28                find_first_empty_record_in_a_subdirectory
                0x01016d74                find_first_empty_record_in_root_directory
                0x01016ea0                convert_filename_to_name_extension
                0x01017058                create_file
                0x0101732c                copy_file_record_name_to_string
                0x01017480                alt_up_sd_card_open_dev
                0x01017544                alt_up_sd_card_is_Present
                0x0101760c                alt_up_sd_card_is_FAT16
                0x01017680                alt_up_sd_card_find_first
                0x01017754                alt_up_sd_card_find_next
                0x01017b04                alt_up_sd_card_fopen
                0x01017eac                alt_up_sd_card_set_attributes
                0x01017f3c                alt_up_sd_card_get_attributes
                0x01017fc8                alt_up_sd_card_read
                0x0101835c                alt_up_sd_card_write
                0x0101897c                alt_up_sd_card_fclose
                0x01018b48                Read_Sector_Data_CRC
                0x01018c44                Read_Sector_Data_Attempt_CRC
 .text          0x01018cd4      0x12c ../Tank_Games_BSP/\libhal_bsp.a(alt_busy_sleep.o)
                0x01018cd4                alt_busy_sleep
 .text          0x01018e00       0x44 ../Tank_Games_BSP/\libhal_bsp.a(alt_dcache_flush_all.o)
                0x01018e00                alt_dcache_flush_all
 .text          0x01018e44      0x114 ../Tank_Games_BSP/\libhal_bsp.a(alt_dev_llist_insert.o)
                0x01018e44                alt_dev_llist_insert
 .text          0x01018f58       0x64 ../Tank_Games_BSP/\libhal_bsp.a(alt_do_ctors.o)
                0x01018f58                _do_ctors
 .text          0x01018fbc       0x64 ../Tank_Games_BSP/\libhal_bsp.a(alt_do_dtors.o)
                0x01018fbc                _do_dtors
 .text          0x01019020       0x94 ../Tank_Games_BSP/\libhal_bsp.a(alt_find_dev.o)
                0x01019020                alt_find_dev
 .text          0x010190b4       0x30 ../Tank_Games_BSP/\libhal_bsp.a(alt_icache_flush_all.o)
                0x010190b4                alt_icache_flush_all
 .text          0x010190e4      0x13c ../Tank_Games_BSP/\libhal_bsp.a(alt_io_redirect.o)
                0x010191a8                alt_io_redirect
 .text          0x01019220        0x0 ../Tank_Games_BSP/\libhal_bsp.a(alt_irq_entry.o)
 .text          0x01019220        0x0 ../Tank_Games_BSP/\libhal_bsp.a(alt_irq_handler.o)
 .text          0x01019220      0x2c4 ../Tank_Games_BSP/\libhal_bsp.a(alt_open.o)
                0x010192fc                open
 .text          0x010194e4       0x20 ../Tank_Games_BSP/\libhal_bsp.a(altera_nios2_qsys_irq.o)
                0x010194e4                altera_nios2_qsys_irq_init
 .text          0x01019504        0x0 ../Tank_Games_BSP/\libhal_bsp.a(alt_exception_entry.o)
 .text          0x01019504      0x120 ../Tank_Games_BSP/\libhal_bsp.a(alt_find_file.o)
                0x01019504                alt_find_file
 .text          0x01019624       0xb8 ../Tank_Games_BSP/\libhal_bsp.a(alt_get_fd.o)
                0x01019624                alt_get_fd
 .text          0x010196dc       0x90 ../Tank_Games_BSP/\libhal_bsp.a(alt_icache_flush.o)
                0x010196dc                alt_icache_flush
 .text          0x0101976c       0x14 e:/altera/12.0sp2/nios2eds/bin/gnu/h-i686-mingw32/bin/../lib/gcc/nios2-elf/4.1.2/../../../../nios2-elf/lib\libc.a(lib_a-atexit.o)
                0x0101976c                atexit
 .text          0x01019780       0x74 e:/altera/12.0sp2/nios2eds/bin/gnu/h-i686-mingw32/bin/../lib/gcc/nios2-elf/4.1.2/../../../../nios2-elf/lib\libc.a(lib_a-memcmp.o)
                0x01019780                memcmp
 .text          0x010197f4      0x134 e:/altera/12.0sp2/nios2eds/bin/gnu/h-i686-mingw32/bin/../lib/gcc/nios2-elf/4.1.2/../../../../nios2-elf/lib\libc.a(lib_a-__atexit.o)
                0x010197f4                __register_exitproc
 *(.gnu.warning.*)
 *(.fini)
                0x01019928                PROVIDE (__etext, ABSOLUTE (.))
                0x01019928                PROVIDE (_etext, ABSOLUTE (.))
                0x01019928                PROVIDE (etext, ABSOLUTE (.))
 *(.eh_frame_hdr)
                0x01019928                . = ALIGN (0x4)
                0x01019928                PROVIDE (__preinit_array_start, ABSOLUTE (.))
 *(.preinit_array)
                0x01019928                PROVIDE (__preinit_array_end, ABSOLUTE (.))
                0x01019928                PROVIDE (__init_array_start, ABSOLUTE (.))
 *(.init_array)
                0x01019928                PROVIDE (__init_array_end, ABSOLUTE (.))
                0x01019928                PROVIDE (__fini_array_start, ABSOLUTE (.))
 *(.fini_array)
                0x01019928                PROVIDE (__fini_array_end, ABSOLUTE (.))
 *(.eh_frame)
 .eh_frame      0x01019928       0x40 e:/altera/12.0sp2/nios2eds/bin/gnu/h-i686-mingw32/bin/../lib/gcc/nios2-elf/4.1.2\libgcc.a(_udivdi3.o)
 .eh_frame      0x01019968       0x2c e:/altera/12.0sp2/nios2eds/bin/gnu/h-i686-mingw32/bin/../lib/gcc/nios2-elf/4.1.2\libgcc.a(_umoddi3.o)
                                 0x40 (size before relaxing)
 *(.gcc_except_table)
 *(.dynamic)
                0x01019994                PROVIDE (__CTOR_LIST__, ABSOLUTE (.))
 *(.ctors)
 *(SORT(.ctors.*))
 .ctors.65535   0x01019994        0x4 e:/altera/12.0sp2/nios2eds/bin/gnu/h-i686-mingw32/bin/../lib/gcc/nios2-elf/4.1.2/../../../../nios2-elf/lib\libc.a(lib_a-__call_atexit.o)
                0x01019998                PROVIDE (__CTOR_END__, ABSOLUTE (.))
                0x01019998                PROVIDE (__DTOR_LIST__, ABSOLUTE (.))
 *(.dtors)
 *(SORT(.dtors.*))
                0x01019998                PROVIDE (__DTOR_END__, ABSOLUTE (.))
 *(.jcr)
                0x01019998                . = ALIGN (0x4)

.rodata         0x01019998      0x7c8
                0x01019998                PROVIDE (__ram_rodata_start, ABSOLUTE (.))
                0x01019998                . = ALIGN (0x4)
 *(.rodata .rodata.* .gnu.linkonce.r.*)
 .rodata        0x01019998      0x118 obj/default/src/audio.o
 .rodata        0x01019ab0       0x34 obj/default/src/bmp_decoder.o
 .rodata        0x01019ae4       0x18 obj/default/src/graphics.o
 .rodata        0x01019afc       0x44 obj/default/src/main.o
 .rodata        0x01019b40       0x14 obj/default/src/tank_controls.o
 .rodata        0x01019b54       0x24 obj/default/src/timing.o
 .rodata        0x01019b78       0x2c obj/default/src/vga.o
 .rodata        0x01019ba4      0x188 e:/altera/12.0sp2/nios2eds/bin/gnu/h-i686-mingw32/bin/../lib/gcc/nios2-elf/4.1.2/../../../../nios2-elf/lib\libm.a(lib_a-e_rem_pio2.o)
 .rodata        0x01019d2c       0x50 e:/altera/12.0sp2/nios2eds/bin/gnu/h-i686-mingw32/bin/../lib/gcc/nios2-elf/4.1.2/../../../../nios2-elf/lib\libm.a(lib_a-k_rem_pio2.o)
 .rodata        0x01019d7c       0x10 e:/altera/12.0sp2/nios2eds/bin/gnu/h-i686-mingw32/bin/../lib/gcc/nios2-elf/4.1.2\libgcc.a(_thenan_sf.o)
                0x01019d7c                __thenan_sf
 .rodata        0x01019d8c       0x14 e:/altera/12.0sp2/nios2eds/bin/gnu/h-i686-mingw32/bin/../lib/gcc/nios2-elf/4.1.2\libgcc.a(_thenan_df.o)
                0x01019d8c                __thenan_df
 .rodata        0x01019da0      0x100 e:/altera/12.0sp2/nios2eds/bin/gnu/h-i686-mingw32/bin/../lib/gcc/nios2-elf/4.1.2\libgcc.a(_clz.o)
                0x01019da0                __clz_tab
 .rodata.str1.4
                0x01019ea0        0x2 e:/altera/12.0sp2/nios2eds/bin/gnu/h-i686-mingw32/bin/../lib/gcc/nios2-elf/4.1.2/../../../../nios2-elf/lib\libc.a(lib_a-impure.o)
                                  0x4 (size before relaxing)
 *fill*         0x01019ea2        0x2 00
 .rodata.str1.4
                0x01019ea4        0x2 e:/altera/12.0sp2/nios2eds/bin/gnu/h-i686-mingw32/bin/../lib/gcc/nios2-elf/4.1.2/../../../../nios2-elf/lib\libc.a(lib_a-puts.o)
                                  0x4 (size before relaxing)
 *fill*         0x01019ea6        0x2 00
 .rodata.str1.4
                0x01019ea8       0x5e e:/altera/12.0sp2/nios2eds/bin/gnu/h-i686-mingw32/bin/../lib/gcc/nios2-elf/4.1.2/../../../../nios2-elf/lib\libc.a(lib_a-vfprintf.o)
                                 0x60 (size before relaxing)
 .rodata        0x01019f06       0x20 e:/altera/12.0sp2/nios2eds/bin/gnu/h-i686-mingw32/bin/../lib/gcc/nios2-elf/4.1.2/../../../../nios2-elf/lib\libc.a(lib_a-vfprintf.o)
 *fill*         0x01019f26        0x2 00
 .rodata.str1.4
                0x01019f28       0x10 e:/altera/12.0sp2/nios2eds/bin/gnu/h-i686-mingw32/bin/../lib/gcc/nios2-elf/4.1.2/../../../../nios2-elf/lib\libc.a(lib_a-dtoa.o)
                                 0x14 (size before relaxing)
 .rodata.str1.4
                0x01019f38       0x10 e:/altera/12.0sp2/nios2eds/bin/gnu/h-i686-mingw32/bin/../lib/gcc/nios2-elf/4.1.2/../../../../nios2-elf/lib\libc.a(lib_a-locale.o)
                                 0x18 (size before relaxing)
 .rodata        0x01019f48       0x30 e:/altera/12.0sp2/nios2eds/bin/gnu/h-i686-mingw32/bin/../lib/gcc/nios2-elf/4.1.2/../../../../nios2-elf/lib\libc.a(lib_a-locale.o)
 .rodata        0x01019f78      0x124 e:/altera/12.0sp2/nios2eds/bin/gnu/h-i686-mingw32/bin/../lib/gcc/nios2-elf/4.1.2/../../../../nios2-elf/lib\libc.a(lib_a-mprec.o)
                0x01019f78                __mprec_tens
                0x0101a040                __mprec_bigtens
                0x0101a068                __mprec_tinytens
 .rodata        0x0101a09c        0xc ../Tank_Games_BSP/\libhal_bsp.a(alt_dev.o)
 .rodata        0x0101a0a8       0x10 ../Tank_Games_BSP/\libhal_bsp.a(alt_main.o)
 .rodata        0x0101a0b8       0x8c ../Tank_Games_BSP/\libhal_bsp.a(alt_sys_init.o)
 .rodata        0x0101a144       0x1c ../Tank_Games_BSP/\libhal_bsp.a(altera_up_avalon_video_character_buffer_with_dma.o)
 *(.rodata1)
                0x0101a160                . = ALIGN (0x4)
                0x0101a160                PROVIDE (__ram_rodata_end, ABSOLUTE (.))
                0x01019998                PROVIDE (__flash_rodata_start, LOADADDR (.rodata))

.rwdata         0x0101a160     0x1b8c load address 0x0101bcec
                0x0101a160                PROVIDE (__ram_rwdata_start, ABSOLUTE (.))
                0x0101a160                . = ALIGN (0x4)
 *(.got.plt)
 *(.got)
 *(.data1)
 *(.data .data.* .gnu.linkonce.d.*)
 .data          0x0101a160        0x0 ../Tank_Games_BSP//obj/HAL/src/crt0.o
 .data          0x0101a160        0x0 obj/default/src/audio.o
 .data          0x0101a160        0x0 obj/default/src/bmp_decoder.o
 .data          0x0101a160        0x0 obj/default/src/collision.o
 .data          0x0101a160        0x0 obj/default/src/graphics.o
 .data          0x0101a160        0x0 obj/default/src/main.o
 .data          0x0101a160        0x0 obj/default/src/projectiles.o
 .data          0x0101a160        0x0 obj/default/src/ps_controller.o
 .data          0x0101a160        0x0 obj/default/src/tank.o
 .data          0x0101a160        0x0 obj/default/src/tank_controls.o
 .data          0x0101a160        0x0 obj/default/src/terrain.o
 .data          0x0101a160        0x0 obj/default/src/timing.o
 .data          0x0101a160        0x0 obj/default/src/vga.o
 .data          0x0101a160        0x0 e:/altera/12.0sp2/nios2eds/bin/gnu/h-i686-mingw32/bin/../lib/gcc/nios2-elf/4.1.2/../../../../nios2-elf/lib\libm.a(lib_a-s_cos.o)
 .data          0x0101a160        0x0 e:/altera/12.0sp2/nios2eds/bin/gnu/h-i686-mingw32/bin/../lib/gcc/nios2-elf/4.1.2/../../../../nios2-elf/lib\libm.a(lib_a-s_sin.o)
 .data          0x0101a160        0x0 e:/altera/12.0sp2/nios2eds/bin/gnu/h-i686-mingw32/bin/../lib/gcc/nios2-elf/4.1.2/../../../../nios2-elf/lib\libm.a(lib_a-e_rem_pio2.o)
 .data          0x0101a160        0x0 e:/altera/12.0sp2/nios2eds/bin/gnu/h-i686-mingw32/bin/../lib/gcc/nios2-elf/4.1.2/../../../../nios2-elf/lib\libm.a(lib_a-k_cos.o)
 .data          0x0101a160        0x0 e:/altera/12.0sp2/nios2eds/bin/gnu/h-i686-mingw32/bin/../lib/gcc/nios2-elf/4.1.2/../../../../nios2-elf/lib\libm.a(lib_a-k_rem_pio2.o)
 .data          0x0101a160        0x0 e:/altera/12.0sp2/nios2eds/bin/gnu/h-i686-mingw32/bin/../lib/gcc/nios2-elf/4.1.2/../../../../nios2-elf/lib\libm.a(lib_a-k_sin.o)
 .data          0x0101a160        0x0 e:/altera/12.0sp2/nios2eds/bin/gnu/h-i686-mingw32/bin/../lib/gcc/nios2-elf/4.1.2/../../../../nios2-elf/lib\libm.a(lib_a-s_fabs.o)
 .data          0x0101a160        0x0 e:/altera/12.0sp2/nios2eds/bin/gnu/h-i686-mingw32/bin/../lib/gcc/nios2-elf/4.1.2/../../../../nios2-elf/lib\libm.a(lib_a-s_floor.o)
 .data          0x0101a160        0x0 e:/altera/12.0sp2/nios2eds/bin/gnu/h-i686-mingw32/bin/../lib/gcc/nios2-elf/4.1.2/../../../../nios2-elf/lib\libm.a(lib_a-s_scalbn.o)
 .data          0x0101a160        0x0 e:/altera/12.0sp2/nios2eds/bin/gnu/h-i686-mingw32/bin/../lib/gcc/nios2-elf/4.1.2/../../../../nios2-elf/lib\libm.a(lib_a-s_copysign.o)
 .data          0x0101a160        0x0 e:/altera/12.0sp2/nios2eds/bin/gnu/h-i686-mingw32/bin/../lib/gcc/nios2-elf/4.1.2\libgcc.a(_fixunsdfsi.o)
 .data          0x0101a160        0x0 e:/altera/12.0sp2/nios2eds/bin/gnu/h-i686-mingw32/bin/../lib/gcc/nios2-elf/4.1.2\libgcc.a(_addsub_sf.o)
 .data          0x0101a160        0x0 e:/altera/12.0sp2/nios2eds/bin/gnu/h-i686-mingw32/bin/../lib/gcc/nios2-elf/4.1.2\libgcc.a(_mul_sf.o)
 .data          0x0101a160        0x0 e:/altera/12.0sp2/nios2eds/bin/gnu/h-i686-mingw32/bin/../lib/gcc/nios2-elf/4.1.2\libgcc.a(_lt_sf.o)
 .data          0x0101a160        0x0 e:/altera/12.0sp2/nios2eds/bin/gnu/h-i686-mingw32/bin/../lib/gcc/nios2-elf/4.1.2\libgcc.a(_si_to_sf.o)
 .data          0x0101a160        0x0 e:/altera/12.0sp2/nios2eds/bin/gnu/h-i686-mingw32/bin/../lib/gcc/nios2-elf/4.1.2\libgcc.a(_sf_to_si.o)
 .data          0x0101a160        0x0 e:/altera/12.0sp2/nios2eds/bin/gnu/h-i686-mingw32/bin/../lib/gcc/nios2-elf/4.1.2\libgcc.a(_sf_to_df.o)
 .data          0x0101a160        0x0 e:/altera/12.0sp2/nios2eds/bin/gnu/h-i686-mingw32/bin/../lib/gcc/nios2-elf/4.1.2\libgcc.a(_thenan_sf.o)
 .data          0x0101a160        0x0 e:/altera/12.0sp2/nios2eds/bin/gnu/h-i686-mingw32/bin/../lib/gcc/nios2-elf/4.1.2\libgcc.a(_addsub_df.o)
 .data          0x0101a160        0x0 e:/altera/12.0sp2/nios2eds/bin/gnu/h-i686-mingw32/bin/../lib/gcc/nios2-elf/4.1.2\libgcc.a(_mul_df.o)
 .data          0x0101a160        0x0 e:/altera/12.0sp2/nios2eds/bin/gnu/h-i686-mingw32/bin/../lib/gcc/nios2-elf/4.1.2\libgcc.a(_div_df.o)
 .data          0x0101a160        0x0 e:/altera/12.0sp2/nios2eds/bin/gnu/h-i686-mingw32/bin/../lib/gcc/nios2-elf/4.1.2\libgcc.a(_eq_df.o)
 .data          0x0101a160        0x0 e:/altera/12.0sp2/nios2eds/bin/gnu/h-i686-mingw32/bin/../lib/gcc/nios2-elf/4.1.2\libgcc.a(_gt_df.o)
 .data          0x0101a160        0x0 e:/altera/12.0sp2/nios2eds/bin/gnu/h-i686-mingw32/bin/../lib/gcc/nios2-elf/4.1.2\libgcc.a(_ge_df.o)
 .data          0x0101a160        0x0 e:/altera/12.0sp2/nios2eds/bin/gnu/h-i686-mingw32/bin/../lib/gcc/nios2-elf/4.1.2\libgcc.a(_si_to_df.o)
 .data          0x0101a160        0x0 e:/altera/12.0sp2/nios2eds/bin/gnu/h-i686-mingw32/bin/../lib/gcc/nios2-elf/4.1.2\libgcc.a(_df_to_si.o)
 .data          0x0101a160        0x0 e:/altera/12.0sp2/nios2eds/bin/gnu/h-i686-mingw32/bin/../lib/gcc/nios2-elf/4.1.2\libgcc.a(_make_df.o)
 .data          0x0101a160        0x0 e:/altera/12.0sp2/nios2eds/bin/gnu/h-i686-mingw32/bin/../lib/gcc/nios2-elf/4.1.2\libgcc.a(_df_to_sf.o)
 .data          0x0101a160        0x0 e:/altera/12.0sp2/nios2eds/bin/gnu/h-i686-mingw32/bin/../lib/gcc/nios2-elf/4.1.2\libgcc.a(_thenan_df.o)
 .data          0x0101a160        0x0 e:/altera/12.0sp2/nios2eds/bin/gnu/h-i686-mingw32/bin/../lib/gcc/nios2-elf/4.1.2\libgcc.a(_usi_to_df.o)
 .data          0x0101a160        0x0 e:/altera/12.0sp2/nios2eds/bin/gnu/h-i686-mingw32/bin/../lib/gcc/nios2-elf/4.1.2\libgcc.a(lib2-divmod.o)
 .data          0x0101a160        0x0 e:/altera/12.0sp2/nios2eds/bin/gnu/h-i686-mingw32/bin/../lib/gcc/nios2-elf/4.1.2\libgcc.a(_muldi3.o)
 .data          0x0101a160        0x0 e:/altera/12.0sp2/nios2eds/bin/gnu/h-i686-mingw32/bin/../lib/gcc/nios2-elf/4.1.2\libgcc.a(_clzsi2.o)
 .data          0x0101a160        0x0 e:/altera/12.0sp2/nios2eds/bin/gnu/h-i686-mingw32/bin/../lib/gcc/nios2-elf/4.1.2\libgcc.a(_pack_sf.o)
 .data          0x0101a160        0x0 e:/altera/12.0sp2/nios2eds/bin/gnu/h-i686-mingw32/bin/../lib/gcc/nios2-elf/4.1.2\libgcc.a(_unpack_sf.o)
 .data          0x0101a160        0x0 e:/altera/12.0sp2/nios2eds/bin/gnu/h-i686-mingw32/bin/../lib/gcc/nios2-elf/4.1.2\libgcc.a(_fpcmp_parts_sf.o)
 .data          0x0101a160        0x0 e:/altera/12.0sp2/nios2eds/bin/gnu/h-i686-mingw32/bin/../lib/gcc/nios2-elf/4.1.2\libgcc.a(_make_sf.o)
 .data          0x0101a160        0x0 e:/altera/12.0sp2/nios2eds/bin/gnu/h-i686-mingw32/bin/../lib/gcc/nios2-elf/4.1.2\libgcc.a(_pack_df.o)
 .data          0x0101a160        0x0 e:/altera/12.0sp2/nios2eds/bin/gnu/h-i686-mingw32/bin/../lib/gcc/nios2-elf/4.1.2\libgcc.a(_unpack_df.o)
 .data          0x0101a160        0x0 e:/altera/12.0sp2/nios2eds/bin/gnu/h-i686-mingw32/bin/../lib/gcc/nios2-elf/4.1.2\libgcc.a(_fpcmp_parts_df.o)
 .data          0x0101a160        0x0 e:/altera/12.0sp2/nios2eds/bin/gnu/h-i686-mingw32/bin/../lib/gcc/nios2-elf/4.1.2\libgcc.a(_clz.o)
 .data          0x0101a160        0x0 e:/altera/12.0sp2/nios2eds/bin/gnu/h-i686-mingw32/bin/../lib/gcc/nios2-elf/4.1.2/../../../../nios2-elf/lib\libc.a(lib_a-exit.o)
 .data          0x0101a160      0x400 e:/altera/12.0sp2/nios2eds/bin/gnu/h-i686-mingw32/bin/../lib/gcc/nios2-elf/4.1.2/../../../../nios2-elf/lib\libc.a(lib_a-impure.o)
 .data          0x0101a560        0x0 e:/altera/12.0sp2/nios2eds/bin/gnu/h-i686-mingw32/bin/../lib/gcc/nios2-elf/4.1.2/../../../../nios2-elf/lib\libc.a(lib_a-malloc.o)
 .data          0x0101a560      0x408 e:/altera/12.0sp2/nios2eds/bin/gnu/h-i686-mingw32/bin/../lib/gcc/nios2-elf/4.1.2/../../../../nios2-elf/lib\libc.a(lib_a-mallocr.o)
                0x0101a560                __malloc_av_
 .data          0x0101a968        0x0 e:/altera/12.0sp2/nios2eds/bin/gnu/h-i686-mingw32/bin/../lib/gcc/nios2-elf/4.1.2/../../../../nios2-elf/lib\libc.a(lib_a-memcpy.o)
 .data          0x0101a968        0x0 e:/altera/12.0sp2/nios2eds/bin/gnu/h-i686-mingw32/bin/../lib/gcc/nios2-elf/4.1.2/../../../../nios2-elf/lib\libc.a(lib_a-memset.o)
 .data          0x0101a968        0x0 e:/altera/12.0sp2/nios2eds/bin/gnu/h-i686-mingw32/bin/../lib/gcc/nios2-elf/4.1.2/../../../../nios2-elf/lib\libc.a(lib_a-printf.o)
 .data          0x0101a968        0x0 e:/altera/12.0sp2/nios2eds/bin/gnu/h-i686-mingw32/bin/../lib/gcc/nios2-elf/4.1.2/../../../../nios2-elf/lib\libc.a(lib_a-puts.o)
 .data          0x0101a968        0x0 e:/altera/12.0sp2/nios2eds/bin/gnu/h-i686-mingw32/bin/../lib/gcc/nios2-elf/4.1.2/../../../../nios2-elf/lib\libc.a(lib_a-sbrkr.o)
 .data          0x0101a968        0x0 e:/altera/12.0sp2/nios2eds/bin/gnu/h-i686-mingw32/bin/../lib/gcc/nios2-elf/4.1.2/../../../../nios2-elf/lib\libc.a(lib_a-sprintf.o)
 .data          0x0101a968        0x0 e:/altera/12.0sp2/nios2eds/bin/gnu/h-i686-mingw32/bin/../lib/gcc/nios2-elf/4.1.2/../../../../nios2-elf/lib\libc.a(lib_a-strlen.o)
 .data          0x0101a968        0x0 e:/altera/12.0sp2/nios2eds/bin/gnu/h-i686-mingw32/bin/../lib/gcc/nios2-elf/4.1.2/../../../../nios2-elf/lib\libc.a(lib_a-vfprintf.o)
 .data          0x0101a968        0x0 e:/altera/12.0sp2/nios2eds/bin/gnu/h-i686-mingw32/bin/../lib/gcc/nios2-elf/4.1.2/../../../../nios2-elf/lib\libc.a(lib_a-wsetup.o)
 .data          0x0101a968        0x0 e:/altera/12.0sp2/nios2eds/bin/gnu/h-i686-mingw32/bin/../lib/gcc/nios2-elf/4.1.2/../../../../nios2-elf/lib\libc.a(lib_a-__call_atexit.o)
 .data          0x0101a968        0x0 e:/altera/12.0sp2/nios2eds/bin/gnu/h-i686-mingw32/bin/../lib/gcc/nios2-elf/4.1.2/../../../../nios2-elf/lib\libc.a(lib_a-dtoa.o)
 .data          0x0101a968        0x0 e:/altera/12.0sp2/nios2eds/bin/gnu/h-i686-mingw32/bin/../lib/gcc/nios2-elf/4.1.2/../../../../nios2-elf/lib\libc.a(lib_a-fflush.o)
 .data          0x0101a968        0x0 e:/altera/12.0sp2/nios2eds/bin/gnu/h-i686-mingw32/bin/../lib/gcc/nios2-elf/4.1.2/../../../../nios2-elf/lib\libc.a(lib_a-findfp.o)
 .data          0x0101a968        0x0 e:/altera/12.0sp2/nios2eds/bin/gnu/h-i686-mingw32/bin/../lib/gcc/nios2-elf/4.1.2/../../../../nios2-elf/lib\libc.a(lib_a-freer.o)
 .data          0x0101a968        0x0 e:/altera/12.0sp2/nios2eds/bin/gnu/h-i686-mingw32/bin/../lib/gcc/nios2-elf/4.1.2/../../../../nios2-elf/lib\libc.a(lib_a-fvwrite.o)
 .data          0x0101a968        0x0 e:/altera/12.0sp2/nios2eds/bin/gnu/h-i686-mingw32/bin/../lib/gcc/nios2-elf/4.1.2/../../../../nios2-elf/lib\libc.a(lib_a-fwalk.o)
 .data          0x0101a968        0x0 e:/altera/12.0sp2/nios2eds/bin/gnu/h-i686-mingw32/bin/../lib/gcc/nios2-elf/4.1.2/../../../../nios2-elf/lib\libc.a(lib_a-int_errno.o)
 .data          0x0101a968        0xc e:/altera/12.0sp2/nios2eds/bin/gnu/h-i686-mingw32/bin/../lib/gcc/nios2-elf/4.1.2/../../../../nios2-elf/lib\libc.a(lib_a-locale.o)
                0x0101a968                __lc_ctype
 .data          0x0101a974        0x0 e:/altera/12.0sp2/nios2eds/bin/gnu/h-i686-mingw32/bin/../lib/gcc/nios2-elf/4.1.2/../../../../nios2-elf/lib\libc.a(lib_a-makebuf.o)
 .data          0x0101a974        0x0 e:/altera/12.0sp2/nios2eds/bin/gnu/h-i686-mingw32/bin/../lib/gcc/nios2-elf/4.1.2/../../../../nios2-elf/lib\libc.a(lib_a-memchr.o)
 .data          0x0101a974        0x0 e:/altera/12.0sp2/nios2eds/bin/gnu/h-i686-mingw32/bin/../lib/gcc/nios2-elf/4.1.2/../../../../nios2-elf/lib\libc.a(lib_a-memmove.o)
 .data          0x0101a974        0x0 e:/altera/12.0sp2/nios2eds/bin/gnu/h-i686-mingw32/bin/../lib/gcc/nios2-elf/4.1.2/../../../../nios2-elf/lib\libc.a(lib_a-mprec.o)
 .data          0x0101a974        0x0 e:/altera/12.0sp2/nios2eds/bin/gnu/h-i686-mingw32/bin/../lib/gcc/nios2-elf/4.1.2/../../../../nios2-elf/lib\libc.a(lib_a-reallocr.o)
 .data          0x0101a974        0x0 e:/altera/12.0sp2/nios2eds/bin/gnu/h-i686-mingw32/bin/../lib/gcc/nios2-elf/4.1.2/../../../../nios2-elf/lib\libc.a(lib_a-s_isinfd.o)
 .data          0x0101a974        0x0 e:/altera/12.0sp2/nios2eds/bin/gnu/h-i686-mingw32/bin/../lib/gcc/nios2-elf/4.1.2/../../../../nios2-elf/lib\libc.a(lib_a-s_isnand.o)
 .data          0x0101a974        0x0 e:/altera/12.0sp2/nios2eds/bin/gnu/h-i686-mingw32/bin/../lib/gcc/nios2-elf/4.1.2/../../../../nios2-elf/lib\libc.a(lib_a-stdio.o)
 .data          0x0101a974        0x0 e:/altera/12.0sp2/nios2eds/bin/gnu/h-i686-mingw32/bin/../lib/gcc/nios2-elf/4.1.2/../../../../nios2-elf/lib\libc.a(lib_a-strcmp.o)
 .data          0x0101a974        0x0 e:/altera/12.0sp2/nios2eds/bin/gnu/h-i686-mingw32/bin/../lib/gcc/nios2-elf/4.1.2/../../../../nios2-elf/lib\libc.a(lib_a-writer.o)
 .data          0x0101a974        0x0 e:/altera/12.0sp2/nios2eds/bin/gnu/h-i686-mingw32/bin/../lib/gcc/nios2-elf/4.1.2/../../../../nios2-elf/lib\libc.a(lib_a-callocr.o)
 .data          0x0101a974        0x0 e:/altera/12.0sp2/nios2eds/bin/gnu/h-i686-mingw32/bin/../lib/gcc/nios2-elf/4.1.2/../../../../nios2-elf/lib\libc.a(lib_a-closer.o)
 .data          0x0101a974        0x0 e:/altera/12.0sp2/nios2eds/bin/gnu/h-i686-mingw32/bin/../lib/gcc/nios2-elf/4.1.2/../../../../nios2-elf/lib\libc.a(lib_a-fclose.o)
 .data          0x0101a974        0x0 e:/altera/12.0sp2/nios2eds/bin/gnu/h-i686-mingw32/bin/../lib/gcc/nios2-elf/4.1.2/../../../../nios2-elf/lib\libc.a(lib_a-fstatr.o)
 .data          0x0101a974        0x0 e:/altera/12.0sp2/nios2eds/bin/gnu/h-i686-mingw32/bin/../lib/gcc/nios2-elf/4.1.2/../../../../nios2-elf/lib\libc.a(lib_a-isattyr.o)
 .data          0x0101a974        0x0 e:/altera/12.0sp2/nios2eds/bin/gnu/h-i686-mingw32/bin/../lib/gcc/nios2-elf/4.1.2/../../../../nios2-elf/lib\libc.a(lib_a-lseekr.o)
 .data          0x0101a974        0x0 e:/altera/12.0sp2/nios2eds/bin/gnu/h-i686-mingw32/bin/../lib/gcc/nios2-elf/4.1.2/../../../../nios2-elf/lib\libc.a(lib_a-readr.o)
 .data          0x0101a974        0x0 e:/altera/12.0sp2/nios2eds/bin/gnu/h-i686-mingw32/bin/../lib/gcc/nios2-elf/4.1.2\libgcc.a(_udivdi3.o)
 .data          0x0101a974        0x0 e:/altera/12.0sp2/nios2eds/bin/gnu/h-i686-mingw32/bin/../lib/gcc/nios2-elf/4.1.2\libgcc.a(_umoddi3.o)
 .data          0x0101a974        0x0 e:/altera/12.0sp2/nios2eds/bin/gnu/h-i686-mingw32/bin/../lib/gcc/nios2-elf/4.1.2\libgcc.a(_ne_df.o)
 .data          0x0101a974        0x0 e:/altera/12.0sp2/nios2eds/bin/gnu/h-i686-mingw32/bin/../lib/gcc/nios2-elf/4.1.2\libgcc.a(_lt_df.o)
 .data          0x0101a974        0x0 ../Tank_Games_BSP/\libhal_bsp.a(alt_alarm_start.o)
 .data          0x0101a974        0x0 ../Tank_Games_BSP/\libhal_bsp.a(alt_close.o)
 .data          0x0101a974      0x1a8 ../Tank_Games_BSP/\libhal_bsp.a(alt_dev.o)
                0x0101a974                alt_dev_null
                0x0101a99c                alt_fd_list
 .data          0x0101ab1c        0x0 ../Tank_Games_BSP/\libhal_bsp.a(alt_errno.o)
 .data          0x0101ab1c        0x0 ../Tank_Games_BSP/\libhal_bsp.a(alt_exit.o)
 .data          0x0101ab1c        0x0 ../Tank_Games_BSP/\libhal_bsp.a(alt_fstat.o)
 .data          0x0101ab1c        0x0 ../Tank_Games_BSP/\libhal_bsp.a(alt_irq_register.o)
 .data          0x0101ab1c        0x0 ../Tank_Games_BSP/\libhal_bsp.a(alt_irq_vars.o)
 .data          0x0101ab1c        0x0 ../Tank_Games_BSP/\libhal_bsp.a(alt_isatty.o)
 .data          0x0101ab1c        0x0 ../Tank_Games_BSP/\libhal_bsp.a(alt_load.o)
 .data          0x0101ab1c        0x0 ../Tank_Games_BSP/\libhal_bsp.a(alt_lseek.o)
 .data          0x0101ab1c        0x0 ../Tank_Games_BSP/\libhal_bsp.a(alt_main.o)
 .data          0x0101ab1c        0x0 ../Tank_Games_BSP/\libhal_bsp.a(alt_malloc_lock.o)
 .data          0x0101ab1c        0x0 ../Tank_Games_BSP/\libhal_bsp.a(alt_read.o)
 .data          0x0101ab1c        0x0 ../Tank_Games_BSP/\libhal_bsp.a(alt_release_fd.o)
 .data          0x0101ab1c        0x0 ../Tank_Games_BSP/\libhal_bsp.a(alt_sbrk.o)
 .data          0x0101ab1c        0x0 ../Tank_Games_BSP/\libhal_bsp.a(alt_tick.o)
 .data          0x0101ab1c        0x0 ../Tank_Games_BSP/\libhal_bsp.a(alt_usleep.o)
 .data          0x0101ab1c        0x0 ../Tank_Games_BSP/\libhal_bsp.a(alt_write.o)
 .data          0x0101ab1c     0x1188 ../Tank_Games_BSP/\libhal_bsp.a(alt_sys_init.o)
 .data          0x0101bca4        0x0 ../Tank_Games_BSP/\libhal_bsp.a(altera_avalon_jtag_uart_fd.o)
 .data          0x0101bca4        0x0 ../Tank_Games_BSP/\libhal_bsp.a(altera_avalon_jtag_uart_init.o)
 .data          0x0101bca4        0x0 ../Tank_Games_BSP/\libhal_bsp.a(altera_avalon_jtag_uart_ioctl.o)
 .data          0x0101bca4        0x0 ../Tank_Games_BSP/\libhal_bsp.a(altera_avalon_jtag_uart_read.o)
 .data          0x0101bca4        0x0 ../Tank_Games_BSP/\libhal_bsp.a(altera_avalon_jtag_uart_write.o)
 .data          0x0101bca4        0x0 ../Tank_Games_BSP/\libhal_bsp.a(altera_avalon_timer_sc.o)
 .data          0x0101bca4        0x0 ../Tank_Games_BSP/\libhal_bsp.a(altera_avalon_timer_ts.o)
 .data          0x0101bca4        0x0 ../Tank_Games_BSP/\libhal_bsp.a(altera_avalon_timer_vars.o)
 .data          0x0101bca4        0x0 ../Tank_Games_BSP/\libhal_bsp.a(altera_up_avalon_audio.o)
 .data          0x0101bca4        0x0 ../Tank_Games_BSP/\libhal_bsp.a(altera_up_avalon_audio_and_video_config.o)
 .data          0x0101bca4        0x0 ../Tank_Games_BSP/\libhal_bsp.a(altera_up_avalon_video_character_buffer_with_dma.o)
 .data          0x0101bca4        0x0 ../Tank_Games_BSP/\libhal_bsp.a(altera_up_avalon_video_pixel_buffer_dma.o)
 .data          0x0101bca4        0x0 ../Tank_Games_BSP/\libhal_bsp.a(altera_up_sd_card_avalon_interface.o)
 .data          0x0101bca4        0x0 ../Tank_Games_BSP/\libhal_bsp.a(alt_busy_sleep.o)
 .data          0x0101bca4        0x0 ../Tank_Games_BSP/\libhal_bsp.a(alt_dcache_flush_all.o)
 .data          0x0101bca4        0x0 ../Tank_Games_BSP/\libhal_bsp.a(alt_dev_llist_insert.o)
 .data          0x0101bca4        0x0 ../Tank_Games_BSP/\libhal_bsp.a(alt_do_ctors.o)
 .data          0x0101bca4        0x0 ../Tank_Games_BSP/\libhal_bsp.a(alt_do_dtors.o)
 .data          0x0101bca4        0x0 ../Tank_Games_BSP/\libhal_bsp.a(alt_find_dev.o)
 .data          0x0101bca4        0x0 ../Tank_Games_BSP/\libhal_bsp.a(alt_icache_flush_all.o)
 .data          0x0101bca4        0x0 ../Tank_Games_BSP/\libhal_bsp.a(alt_io_redirect.o)
 .data          0x0101bca4        0x0 ../Tank_Games_BSP/\libhal_bsp.a(alt_irq_entry.o)
 .data          0x0101bca4        0x0 ../Tank_Games_BSP/\libhal_bsp.a(alt_irq_handler.o)
 .data          0x0101bca4        0x0 ../Tank_Games_BSP/\libhal_bsp.a(alt_open.o)
 .data          0x0101bca4        0x0 ../Tank_Games_BSP/\libhal_bsp.a(altera_nios2_qsys_irq.o)
 .data          0x0101bca4        0x0 ../Tank_Games_BSP/\libhal_bsp.a(alt_exception_entry.o)
 .data          0x0101bca4        0x0 ../Tank_Games_BSP/\libhal_bsp.a(alt_find_file.o)
 .data          0x0101bca4        0x0 ../Tank_Games_BSP/\libhal_bsp.a(alt_get_fd.o)
 .data          0x0101bca4        0x0 ../Tank_Games_BSP/\libhal_bsp.a(alt_icache_flush.o)
 .data          0x0101bca4        0x0 e:/altera/12.0sp2/nios2eds/bin/gnu/h-i686-mingw32/bin/../lib/gcc/nios2-elf/4.1.2/../../../../nios2-elf/lib\libc.a(lib_a-atexit.o)
 .data          0x0101bca4        0x0 e:/altera/12.0sp2/nios2eds/bin/gnu/h-i686-mingw32/bin/../lib/gcc/nios2-elf/4.1.2/../../../../nios2-elf/lib\libc.a(lib_a-memcmp.o)
 .data          0x0101bca4        0x0 e:/altera/12.0sp2/nios2eds/bin/gnu/h-i686-mingw32/bin/../lib/gcc/nios2-elf/4.1.2/../../../../nios2-elf/lib\libc.a(lib_a-__atexit.o)
                0x01023ca4                _gp = ABSOLUTE ((. + 0x8000))
                0x01023ca4                PROVIDE (gp, _gp)
 *(.rwdata .rwdata.*)
 *(.sdata .sdata.* .gnu.linkonce.s.*)
 .sdata         0x0101bca4        0x8 obj/default/src/tank_controls.o
                0x0101bca4                x0_chargeBar
                0x0101bca8                y0_chargeBar
                0x0101bca9                chargeBar_Width
 .sdata         0x0101bcac        0x8 e:/altera/12.0sp2/nios2eds/bin/gnu/h-i686-mingw32/bin/../lib/gcc/nios2-elf/4.1.2/../../../../nios2-elf/lib\libc.a(lib_a-impure.o)
                0x0101bcac                _impure_ptr
                0x0101bcb0                _global_impure_ptr
 .sdata         0x0101bcb4        0x8 e:/altera/12.0sp2/nios2eds/bin/gnu/h-i686-mingw32/bin/../lib/gcc/nios2-elf/4.1.2/../../../../nios2-elf/lib\libc.a(lib_a-mallocr.o)
                0x0101bcb4                __malloc_trim_threshold
                0x0101bcb8                __malloc_sbrk_base
 .sdata         0x0101bcbc        0x8 e:/altera/12.0sp2/nios2eds/bin/gnu/h-i686-mingw32/bin/../lib/gcc/nios2-elf/4.1.2/../../../../nios2-elf/lib\libc.a(lib_a-locale.o)
                0x0101bcbc                __mb_cur_max
 .sdata         0x0101bcc4       0x14 ../Tank_Games_BSP/\libhal_bsp.a(alt_dev.o)
                0x0101bcc4                alt_fs_list
                0x0101bccc                alt_dev_list
                0x0101bcd4                alt_max_fd
 .sdata         0x0101bcd8        0x4 ../Tank_Games_BSP/\libhal_bsp.a(alt_errno.o)
                0x0101bcd8                alt_errno
 .sdata         0x0101bcdc        0x4 ../Tank_Games_BSP/\libhal_bsp.a(alt_irq_vars.o)
                0x0101bcdc                alt_priority_mask
 .sdata         0x0101bce0        0x4 ../Tank_Games_BSP/\libhal_bsp.a(alt_sbrk.o)
 .sdata         0x0101bce4        0x8 ../Tank_Games_BSP/\libhal_bsp.a(alt_tick.o)
                0x0101bce4                alt_alarm_list
 *(.sdata2 .sdata2.* .gnu.linkonce.s2.*)
                0x0101bcec                . = ALIGN (0x4)
                0x0101bcec                _edata = ABSOLUTE (.)
                0x0101bcec                PROVIDE (edata, ABSOLUTE (.))
                0x0101bcec                PROVIDE (__ram_rwdata_end, ABSOLUTE (.))
                0x0101bcec                PROVIDE (__flash_rwdata_start, LOADADDR (.rwdata))

.bss            0x0101d878      0x948
                0x0101d878                __bss_start = ABSOLUTE (.)
                0x0101d878                PROVIDE (__sbss_start, ABSOLUTE (.))
                0x0101d878                PROVIDE (___sbss_start, ABSOLUTE (.))
 *(.dynsbss)
 *(.sbss .sbss.* .gnu.linkonce.sb.*)
 .sbss          0x0101d878        0xc obj/default/src/audio.o
                0x0101d878                sound_file
                0x0101d87c                size_of_sound
 .sbss          0x0101d884       0x10 obj/default/src/audio.o
                0x0101d884                arr
                0x0101d888                audio_isr_k
                0x0101d88c                audio
                0x0101d890                time_of_sound
 .sbss          0x0101d894        0x2 obj/default/src/bmp_decoder.o
 *fill*         0x0101d896        0x2 00
 .sbss          0x0101d898        0x4 obj/default/src/collision.o
 .sbss          0x0101d89c        0x4 obj/default/src/graphics.o
                0x0101d89c                pixel_buffer
 .sbss          0x0101d8a0        0x8 obj/default/src/main.o
                0x0101d8a4                char_buffer
 .sbss          0x0101d8a8        0x4 obj/default/src/projectiles.o
 .sbss          0x0101d8ac        0x8 obj/default/src/terrain.o
 .sbss          0x0101d8b4        0x4 obj/default/src/timing.o
 .sbss          0x0101d8b8        0xc e:/altera/12.0sp2/nios2eds/bin/gnu/h-i686-mingw32/bin/../lib/gcc/nios2-elf/4.1.2/../../../../nios2-elf/lib\libc.a(lib_a-mallocr.o)
                0x0101d8b8                __malloc_top_pad
                0x0101d8bc                __malloc_max_sbrked_mem
                0x0101d8c0                __malloc_max_total_mem
 .sbss          0x0101d8c4        0x4 e:/altera/12.0sp2/nios2eds/bin/gnu/h-i686-mingw32/bin/../lib/gcc/nios2-elf/4.1.2/../../../../nios2-elf/lib\libc.a(lib_a-int_errno.o)
                0x0101d8c4                errno
 .sbss          0x0101d8c8        0xc e:/altera/12.0sp2/nios2eds/bin/gnu/h-i686-mingw32/bin/../lib/gcc/nios2-elf/4.1.2/../../../../nios2-elf/lib\libc.a(lib_a-locale.o)
                0x0101d8c8                __nlocale_changed
                0x0101d8cc                __mlocale_changed
                0x0101d8d0                _PathLocale
 .sbss          0x0101d8d4        0x4 ../Tank_Games_BSP/\libhal_bsp.a(alt_irq_vars.o)
                0x0101d8d4                alt_irq_active
 .sbss          0x0101d8d8        0xc ../Tank_Games_BSP/\libhal_bsp.a(alt_main.o)
                0x0101d8d8                alt_argc
                0x0101d8dc                alt_argv
                0x0101d8e0                alt_envp
 .sbss          0x0101d8e4        0x8 ../Tank_Games_BSP/\libhal_bsp.a(alt_tick.o)
                0x0101d8e4                _alt_tick_rate
                0x0101d8e8                _alt_nticks
 .sbss          0x0101d8ec        0x8 ../Tank_Games_BSP/\libhal_bsp.a(altera_avalon_timer_vars.o)
                0x0101d8ec                altera_avalon_timer_ts_base
                0x0101d8f0                altera_avalon_timer_ts_freq
 .sbss          0x0101d8f4       0x34 ../Tank_Games_BSP/\libhal_bsp.a(altera_up_sd_card_avalon_interface.o)
                0x0101d8f4                initialized
                0x0101d8f8                is_sd_card_formated_as_FAT16
                0x0101d8fc                aux_status_register
                0x0101d900                status_register
                0x0101d904                CSD_register_w0
                0x0101d908                command_register
                0x0101d90c                command_argument_register
                0x0101d910                buffer_memory
                0x0101d914                fat_partition_offset_in_512_byte_sectors
                0x0101d918                fat_partition_size_in_512_byte_sectors
                0x0101d91c                device_pointer
                0x0101d920                current_sector_modified
                0x0101d924                current_sector_index
 *(.sbss2 .sbss2.* .gnu.linkonce.sb2.*)
 *(.scommon)
                0x0101d928                PROVIDE (__sbss_end, ABSOLUTE (.))
                0x0101d928                PROVIDE (___sbss_end, ABSOLUTE (.))
 *(.dynbss)
 *(.bss .bss.* .gnu.linkonce.b.*)
 .bss           0x0101d928        0x0 ../Tank_Games_BSP//obj/HAL/src/crt0.o
 .bss           0x0101d928       0x18 obj/default/src/audio.o
 .bss           0x0101d940        0x0 obj/default/src/bmp_decoder.o
 .bss           0x0101d940       0x18 obj/default/src/collision.o
 .bss           0x0101d958        0x0 obj/default/src/graphics.o
 .bss           0x0101d958       0x18 obj/default/src/main.o
 .bss           0x0101d970       0x18 obj/default/src/projectiles.o
 .bss           0x0101d988        0x0 obj/default/src/ps_controller.o
 .bss           0x0101d988        0x0 obj/default/src/tank.o
 .bss           0x0101d988        0x0 obj/default/src/tank_controls.o
 .bss           0x0101d988        0x0 obj/default/src/terrain.o
 .bss           0x0101d988       0x18 obj/default/src/timing.o
 .bss           0x0101d9a0        0x0 obj/default/src/vga.o
 .bss           0x0101d9a0        0x0 e:/altera/12.0sp2/nios2eds/bin/gnu/h-i686-mingw32/bin/../lib/gcc/nios2-elf/4.1.2/../../../../nios2-elf/lib\libm.a(lib_a-s_cos.o)
 .bss           0x0101d9a0        0x0 e:/altera/12.0sp2/nios2eds/bin/gnu/h-i686-mingw32/bin/../lib/gcc/nios2-elf/4.1.2/../../../../nios2-elf/lib\libm.a(lib_a-s_sin.o)
 .bss           0x0101d9a0        0x0 e:/altera/12.0sp2/nios2eds/bin/gnu/h-i686-mingw32/bin/../lib/gcc/nios2-elf/4.1.2/../../../../nios2-elf/lib\libm.a(lib_a-e_rem_pio2.o)
 .bss           0x0101d9a0        0x0 e:/altera/12.0sp2/nios2eds/bin/gnu/h-i686-mingw32/bin/../lib/gcc/nios2-elf/4.1.2/../../../../nios2-elf/lib\libm.a(lib_a-k_cos.o)
 .bss           0x0101d9a0        0x0 e:/altera/12.0sp2/nios2eds/bin/gnu/h-i686-mingw32/bin/../lib/gcc/nios2-elf/4.1.2/../../../../nios2-elf/lib\libm.a(lib_a-k_rem_pio2.o)
 .bss           0x0101d9a0        0x0 e:/altera/12.0sp2/nios2eds/bin/gnu/h-i686-mingw32/bin/../lib/gcc/nios2-elf/4.1.2/../../../../nios2-elf/lib\libm.a(lib_a-k_sin.o)
 .bss           0x0101d9a0        0x0 e:/altera/12.0sp2/nios2eds/bin/gnu/h-i686-mingw32/bin/../lib/gcc/nios2-elf/4.1.2/../../../../nios2-elf/lib\libm.a(lib_a-s_fabs.o)
 .bss           0x0101d9a0        0x0 e:/altera/12.0sp2/nios2eds/bin/gnu/h-i686-mingw32/bin/../lib/gcc/nios2-elf/4.1.2/../../../../nios2-elf/lib\libm.a(lib_a-s_floor.o)
 .bss           0x0101d9a0        0x0 e:/altera/12.0sp2/nios2eds/bin/gnu/h-i686-mingw32/bin/../lib/gcc/nios2-elf/4.1.2/../../../../nios2-elf/lib\libm.a(lib_a-s_scalbn.o)
 .bss           0x0101d9a0        0x0 e:/altera/12.0sp2/nios2eds/bin/gnu/h-i686-mingw32/bin/../lib/gcc/nios2-elf/4.1.2/../../../../nios2-elf/lib\libm.a(lib_a-s_copysign.o)
 .bss           0x0101d9a0        0x0 e:/altera/12.0sp2/nios2eds/bin/gnu/h-i686-mingw32/bin/../lib/gcc/nios2-elf/4.1.2\libgcc.a(_fixunsdfsi.o)
 .bss           0x0101d9a0        0x0 e:/altera/12.0sp2/nios2eds/bin/gnu/h-i686-mingw32/bin/../lib/gcc/nios2-elf/4.1.2\libgcc.a(_addsub_sf.o)
 .bss           0x0101d9a0        0x0 e:/altera/12.0sp2/nios2eds/bin/gnu/h-i686-mingw32/bin/../lib/gcc/nios2-elf/4.1.2\libgcc.a(_mul_sf.o)
 .bss           0x0101d9a0        0x0 e:/altera/12.0sp2/nios2eds/bin/gnu/h-i686-mingw32/bin/../lib/gcc/nios2-elf/4.1.2\libgcc.a(_lt_sf.o)
 .bss           0x0101d9a0        0x0 e:/altera/12.0sp2/nios2eds/bin/gnu/h-i686-mingw32/bin/../lib/gcc/nios2-elf/4.1.2\libgcc.a(_si_to_sf.o)
 .bss           0x0101d9a0        0x0 e:/altera/12.0sp2/nios2eds/bin/gnu/h-i686-mingw32/bin/../lib/gcc/nios2-elf/4.1.2\libgcc.a(_sf_to_si.o)
 .bss           0x0101d9a0        0x0 e:/altera/12.0sp2/nios2eds/bin/gnu/h-i686-mingw32/bin/../lib/gcc/nios2-elf/4.1.2\libgcc.a(_sf_to_df.o)
 .bss           0x0101d9a0        0x0 e:/altera/12.0sp2/nios2eds/bin/gnu/h-i686-mingw32/bin/../lib/gcc/nios2-elf/4.1.2\libgcc.a(_thenan_sf.o)
 .bss           0x0101d9a0        0x0 e:/altera/12.0sp2/nios2eds/bin/gnu/h-i686-mingw32/bin/../lib/gcc/nios2-elf/4.1.2\libgcc.a(_addsub_df.o)
 .bss           0x0101d9a0        0x0 e:/altera/12.0sp2/nios2eds/bin/gnu/h-i686-mingw32/bin/../lib/gcc/nios2-elf/4.1.2\libgcc.a(_mul_df.o)
 .bss           0x0101d9a0        0x0 e:/altera/12.0sp2/nios2eds/bin/gnu/h-i686-mingw32/bin/../lib/gcc/nios2-elf/4.1.2\libgcc.a(_div_df.o)
 .bss           0x0101d9a0        0x0 e:/altera/12.0sp2/nios2eds/bin/gnu/h-i686-mingw32/bin/../lib/gcc/nios2-elf/4.1.2\libgcc.a(_eq_df.o)
 .bss           0x0101d9a0        0x0 e:/altera/12.0sp2/nios2eds/bin/gnu/h-i686-mingw32/bin/../lib/gcc/nios2-elf/4.1.2\libgcc.a(_gt_df.o)
 .bss           0x0101d9a0        0x0 e:/altera/12.0sp2/nios2eds/bin/gnu/h-i686-mingw32/bin/../lib/gcc/nios2-elf/4.1.2\libgcc.a(_ge_df.o)
 .bss           0x0101d9a0        0x0 e:/altera/12.0sp2/nios2eds/bin/gnu/h-i686-mingw32/bin/../lib/gcc/nios2-elf/4.1.2\libgcc.a(_si_to_df.o)
 .bss           0x0101d9a0        0x0 e:/altera/12.0sp2/nios2eds/bin/gnu/h-i686-mingw32/bin/../lib/gcc/nios2-elf/4.1.2\libgcc.a(_df_to_si.o)
 .bss           0x0101d9a0        0x0 e:/altera/12.0sp2/nios2eds/bin/gnu/h-i686-mingw32/bin/../lib/gcc/nios2-elf/4.1.2\libgcc.a(_make_df.o)
 .bss           0x0101d9a0        0x0 e:/altera/12.0sp2/nios2eds/bin/gnu/h-i686-mingw32/bin/../lib/gcc/nios2-elf/4.1.2\libgcc.a(_df_to_sf.o)
 .bss           0x0101d9a0        0x0 e:/altera/12.0sp2/nios2eds/bin/gnu/h-i686-mingw32/bin/../lib/gcc/nios2-elf/4.1.2\libgcc.a(_thenan_df.o)
 .bss           0x0101d9a0        0x0 e:/altera/12.0sp2/nios2eds/bin/gnu/h-i686-mingw32/bin/../lib/gcc/nios2-elf/4.1.2\libgcc.a(_usi_to_df.o)
 .bss           0x0101d9a0        0x0 e:/altera/12.0sp2/nios2eds/bin/gnu/h-i686-mingw32/bin/../lib/gcc/nios2-elf/4.1.2\libgcc.a(lib2-divmod.o)
 .bss           0x0101d9a0        0x0 e:/altera/12.0sp2/nios2eds/bin/gnu/h-i686-mingw32/bin/../lib/gcc/nios2-elf/4.1.2\libgcc.a(_muldi3.o)
 .bss           0x0101d9a0        0x0 e:/altera/12.0sp2/nios2eds/bin/gnu/h-i686-mingw32/bin/../lib/gcc/nios2-elf/4.1.2\libgcc.a(_clzsi2.o)
 .bss           0x0101d9a0        0x0 e:/altera/12.0sp2/nios2eds/bin/gnu/h-i686-mingw32/bin/../lib/gcc/nios2-elf/4.1.2\libgcc.a(_pack_sf.o)
 .bss           0x0101d9a0        0x0 e:/altera/12.0sp2/nios2eds/bin/gnu/h-i686-mingw32/bin/../lib/gcc/nios2-elf/4.1.2\libgcc.a(_unpack_sf.o)
 .bss           0x0101d9a0        0x0 e:/altera/12.0sp2/nios2eds/bin/gnu/h-i686-mingw32/bin/../lib/gcc/nios2-elf/4.1.2\libgcc.a(_fpcmp_parts_sf.o)
 .bss           0x0101d9a0        0x0 e:/altera/12.0sp2/nios2eds/bin/gnu/h-i686-mingw32/bin/../lib/gcc/nios2-elf/4.1.2\libgcc.a(_make_sf.o)
 .bss           0x0101d9a0        0x0 e:/altera/12.0sp2/nios2eds/bin/gnu/h-i686-mingw32/bin/../lib/gcc/nios2-elf/4.1.2\libgcc.a(_pack_df.o)
 .bss           0x0101d9a0        0x0 e:/altera/12.0sp2/nios2eds/bin/gnu/h-i686-mingw32/bin/../lib/gcc/nios2-elf/4.1.2\libgcc.a(_unpack_df.o)
 .bss           0x0101d9a0        0x0 e:/altera/12.0sp2/nios2eds/bin/gnu/h-i686-mingw32/bin/../lib/gcc/nios2-elf/4.1.2\libgcc.a(_fpcmp_parts_df.o)
 .bss           0x0101d9a0        0x0 e:/altera/12.0sp2/nios2eds/bin/gnu/h-i686-mingw32/bin/../lib/gcc/nios2-elf/4.1.2\libgcc.a(_clz.o)
 .bss           0x0101d9a0        0x0 e:/altera/12.0sp2/nios2eds/bin/gnu/h-i686-mingw32/bin/../lib/gcc/nios2-elf/4.1.2/../../../../nios2-elf/lib\libc.a(lib_a-exit.o)
 .bss           0x0101d9a0        0x0 e:/altera/12.0sp2/nios2eds/bin/gnu/h-i686-mingw32/bin/../lib/gcc/nios2-elf/4.1.2/../../../../nios2-elf/lib\libc.a(lib_a-impure.o)
 .bss           0x0101d9a0        0x0 e:/altera/12.0sp2/nios2eds/bin/gnu/h-i686-mingw32/bin/../lib/gcc/nios2-elf/4.1.2/../../../../nios2-elf/lib\libc.a(lib_a-malloc.o)
 .bss           0x0101d9a0       0x28 e:/altera/12.0sp2/nios2eds/bin/gnu/h-i686-mingw32/bin/../lib/gcc/nios2-elf/4.1.2/../../../../nios2-elf/lib\libc.a(lib_a-mallocr.o)
                0x0101d9a0                __malloc_current_mallinfo
 .bss           0x0101d9c8        0x0 e:/altera/12.0sp2/nios2eds/bin/gnu/h-i686-mingw32/bin/../lib/gcc/nios2-elf/4.1.2/../../../../nios2-elf/lib\libc.a(lib_a-memcpy.o)
 .bss           0x0101d9c8        0x0 e:/altera/12.0sp2/nios2eds/bin/gnu/h-i686-mingw32/bin/../lib/gcc/nios2-elf/4.1.2/../../../../nios2-elf/lib\libc.a(lib_a-memset.o)
 .bss           0x0101d9c8        0x0 e:/altera/12.0sp2/nios2eds/bin/gnu/h-i686-mingw32/bin/../lib/gcc/nios2-elf/4.1.2/../../../../nios2-elf/lib\libc.a(lib_a-printf.o)
 .bss           0x0101d9c8        0x0 e:/altera/12.0sp2/nios2eds/bin/gnu/h-i686-mingw32/bin/../lib/gcc/nios2-elf/4.1.2/../../../../nios2-elf/lib\libc.a(lib_a-puts.o)
 .bss           0x0101d9c8        0x0 e:/altera/12.0sp2/nios2eds/bin/gnu/h-i686-mingw32/bin/../lib/gcc/nios2-elf/4.1.2/../../../../nios2-elf/lib\libc.a(lib_a-sbrkr.o)
 .bss           0x0101d9c8        0x0 e:/altera/12.0sp2/nios2eds/bin/gnu/h-i686-mingw32/bin/../lib/gcc/nios2-elf/4.1.2/../../../../nios2-elf/lib\libc.a(lib_a-sprintf.o)
 .bss           0x0101d9c8        0x0 e:/altera/12.0sp2/nios2eds/bin/gnu/h-i686-mingw32/bin/../lib/gcc/nios2-elf/4.1.2/../../../../nios2-elf/lib\libc.a(lib_a-strlen.o)
 .bss           0x0101d9c8        0x0 e:/altera/12.0sp2/nios2eds/bin/gnu/h-i686-mingw32/bin/../lib/gcc/nios2-elf/4.1.2/../../../../nios2-elf/lib\libc.a(lib_a-vfprintf.o)
 .bss           0x0101d9c8        0x0 e:/altera/12.0sp2/nios2eds/bin/gnu/h-i686-mingw32/bin/../lib/gcc/nios2-elf/4.1.2/../../../../nios2-elf/lib\libc.a(lib_a-wsetup.o)
 .bss           0x0101d9c8        0x0 e:/altera/12.0sp2/nios2eds/bin/gnu/h-i686-mingw32/bin/../lib/gcc/nios2-elf/4.1.2/../../../../nios2-elf/lib\libc.a(lib_a-__call_atexit.o)
 .bss           0x0101d9c8        0x0 e:/altera/12.0sp2/nios2eds/bin/gnu/h-i686-mingw32/bin/../lib/gcc/nios2-elf/4.1.2/../../../../nios2-elf/lib\libc.a(lib_a-dtoa.o)
 .bss           0x0101d9c8        0x0 e:/altera/12.0sp2/nios2eds/bin/gnu/h-i686-mingw32/bin/../lib/gcc/nios2-elf/4.1.2/../../../../nios2-elf/lib\libc.a(lib_a-fflush.o)
 .bss           0x0101d9c8        0x0 e:/altera/12.0sp2/nios2eds/bin/gnu/h-i686-mingw32/bin/../lib/gcc/nios2-elf/4.1.2/../../../../nios2-elf/lib\libc.a(lib_a-findfp.o)
 .bss           0x0101d9c8        0x0 e:/altera/12.0sp2/nios2eds/bin/gnu/h-i686-mingw32/bin/../lib/gcc/nios2-elf/4.1.2/../../../../nios2-elf/lib\libc.a(lib_a-freer.o)
 .bss           0x0101d9c8        0x0 e:/altera/12.0sp2/nios2eds/bin/gnu/h-i686-mingw32/bin/../lib/gcc/nios2-elf/4.1.2/../../../../nios2-elf/lib\libc.a(lib_a-fvwrite.o)
 .bss           0x0101d9c8        0x0 e:/altera/12.0sp2/nios2eds/bin/gnu/h-i686-mingw32/bin/../lib/gcc/nios2-elf/4.1.2/../../../../nios2-elf/lib\libc.a(lib_a-fwalk.o)
 .bss           0x0101d9c8        0x0 e:/altera/12.0sp2/nios2eds/bin/gnu/h-i686-mingw32/bin/../lib/gcc/nios2-elf/4.1.2/../../../../nios2-elf/lib\libc.a(lib_a-int_errno.o)
 .bss           0x0101d9c8        0x0 e:/altera/12.0sp2/nios2eds/bin/gnu/h-i686-mingw32/bin/../lib/gcc/nios2-elf/4.1.2/../../../../nios2-elf/lib\libc.a(lib_a-locale.o)
 .bss           0x0101d9c8        0x0 e:/altera/12.0sp2/nios2eds/bin/gnu/h-i686-mingw32/bin/../lib/gcc/nios2-elf/4.1.2/../../../../nios2-elf/lib\libc.a(lib_a-makebuf.o)
 .bss           0x0101d9c8        0x0 e:/altera/12.0sp2/nios2eds/bin/gnu/h-i686-mingw32/bin/../lib/gcc/nios2-elf/4.1.2/../../../../nios2-elf/lib\libc.a(lib_a-memchr.o)
 .bss           0x0101d9c8        0x0 e:/altera/12.0sp2/nios2eds/bin/gnu/h-i686-mingw32/bin/../lib/gcc/nios2-elf/4.1.2/../../../../nios2-elf/lib\libc.a(lib_a-memmove.o)
 .bss           0x0101d9c8        0x0 e:/altera/12.0sp2/nios2eds/bin/gnu/h-i686-mingw32/bin/../lib/gcc/nios2-elf/4.1.2/../../../../nios2-elf/lib\libc.a(lib_a-mprec.o)
 .bss           0x0101d9c8        0x0 e:/altera/12.0sp2/nios2eds/bin/gnu/h-i686-mingw32/bin/../lib/gcc/nios2-elf/4.1.2/../../../../nios2-elf/lib\libc.a(lib_a-reallocr.o)
 .bss           0x0101d9c8        0x0 e:/altera/12.0sp2/nios2eds/bin/gnu/h-i686-mingw32/bin/../lib/gcc/nios2-elf/4.1.2/../../../../nios2-elf/lib\libc.a(lib_a-s_isinfd.o)
 .bss           0x0101d9c8        0x0 e:/altera/12.0sp2/nios2eds/bin/gnu/h-i686-mingw32/bin/../lib/gcc/nios2-elf/4.1.2/../../../../nios2-elf/lib\libc.a(lib_a-s_isnand.o)
 .bss           0x0101d9c8        0x0 e:/altera/12.0sp2/nios2eds/bin/gnu/h-i686-mingw32/bin/../lib/gcc/nios2-elf/4.1.2/../../../../nios2-elf/lib\libc.a(lib_a-stdio.o)
 .bss           0x0101d9c8        0x0 e:/altera/12.0sp2/nios2eds/bin/gnu/h-i686-mingw32/bin/../lib/gcc/nios2-elf/4.1.2/../../../../nios2-elf/lib\libc.a(lib_a-strcmp.o)
 .bss           0x0101d9c8        0x0 e:/altera/12.0sp2/nios2eds/bin/gnu/h-i686-mingw32/bin/../lib/gcc/nios2-elf/4.1.2/../../../../nios2-elf/lib\libc.a(lib_a-writer.o)
 .bss           0x0101d9c8        0x0 e:/altera/12.0sp2/nios2eds/bin/gnu/h-i686-mingw32/bin/../lib/gcc/nios2-elf/4.1.2/../../../../nios2-elf/lib\libc.a(lib_a-callocr.o)
 .bss           0x0101d9c8        0x0 e:/altera/12.0sp2/nios2eds/bin/gnu/h-i686-mingw32/bin/../lib/gcc/nios2-elf/4.1.2/../../../../nios2-elf/lib\libc.a(lib_a-closer.o)
 .bss           0x0101d9c8        0x0 e:/altera/12.0sp2/nios2eds/bin/gnu/h-i686-mingw32/bin/../lib/gcc/nios2-elf/4.1.2/../../../../nios2-elf/lib\libc.a(lib_a-fclose.o)
 .bss           0x0101d9c8        0x0 e:/altera/12.0sp2/nios2eds/bin/gnu/h-i686-mingw32/bin/../lib/gcc/nios2-elf/4.1.2/../../../../nios2-elf/lib\libc.a(lib_a-fstatr.o)
 .bss           0x0101d9c8        0x0 e:/altera/12.0sp2/nios2eds/bin/gnu/h-i686-mingw32/bin/../lib/gcc/nios2-elf/4.1.2/../../../../nios2-elf/lib\libc.a(lib_a-isattyr.o)
 .bss           0x0101d9c8        0x0 e:/altera/12.0sp2/nios2eds/bin/gnu/h-i686-mingw32/bin/../lib/gcc/nios2-elf/4.1.2/../../../../nios2-elf/lib\libc.a(lib_a-lseekr.o)
 .bss           0x0101d9c8        0x0 e:/altera/12.0sp2/nios2eds/bin/gnu/h-i686-mingw32/bin/../lib/gcc/nios2-elf/4.1.2/../../../../nios2-elf/lib\libc.a(lib_a-readr.o)
 .bss           0x0101d9c8        0x0 e:/altera/12.0sp2/nios2eds/bin/gnu/h-i686-mingw32/bin/../lib/gcc/nios2-elf/4.1.2\libgcc.a(_udivdi3.o)
 .bss           0x0101d9c8        0x0 e:/altera/12.0sp2/nios2eds/bin/gnu/h-i686-mingw32/bin/../lib/gcc/nios2-elf/4.1.2\libgcc.a(_umoddi3.o)
 .bss           0x0101d9c8        0x0 e:/altera/12.0sp2/nios2eds/bin/gnu/h-i686-mingw32/bin/../lib/gcc/nios2-elf/4.1.2\libgcc.a(_ne_df.o)
 .bss           0x0101d9c8        0x0 e:/altera/12.0sp2/nios2eds/bin/gnu/h-i686-mingw32/bin/../lib/gcc/nios2-elf/4.1.2\libgcc.a(_lt_df.o)
 .bss           0x0101d9c8        0x0 ../Tank_Games_BSP/\libhal_bsp.a(alt_alarm_start.o)
 .bss           0x0101d9c8        0x0 ../Tank_Games_BSP/\libhal_bsp.a(alt_close.o)
 .bss           0x0101d9c8        0x0 ../Tank_Games_BSP/\libhal_bsp.a(alt_dev.o)
 .bss           0x0101d9c8        0x0 ../Tank_Games_BSP/\libhal_bsp.a(alt_errno.o)
 .bss           0x0101d9c8        0x0 ../Tank_Games_BSP/\libhal_bsp.a(alt_exit.o)
 .bss           0x0101d9c8        0x0 ../Tank_Games_BSP/\libhal_bsp.a(alt_fstat.o)
 .bss           0x0101d9c8        0x0 ../Tank_Games_BSP/\libhal_bsp.a(alt_irq_register.o)
 .bss           0x0101d9c8        0x0 ../Tank_Games_BSP/\libhal_bsp.a(alt_irq_vars.o)
 .bss           0x0101d9c8        0x0 ../Tank_Games_BSP/\libhal_bsp.a(alt_isatty.o)
 .bss           0x0101d9c8        0x0 ../Tank_Games_BSP/\libhal_bsp.a(alt_load.o)
 .bss           0x0101d9c8        0x0 ../Tank_Games_BSP/\libhal_bsp.a(alt_lseek.o)
 .bss           0x0101d9c8        0x0 ../Tank_Games_BSP/\libhal_bsp.a(alt_main.o)
 .bss           0x0101d9c8        0x0 ../Tank_Games_BSP/\libhal_bsp.a(alt_malloc_lock.o)
 .bss           0x0101d9c8        0x0 ../Tank_Games_BSP/\libhal_bsp.a(alt_read.o)
 .bss           0x0101d9c8        0x0 ../Tank_Games_BSP/\libhal_bsp.a(alt_release_fd.o)
 .bss           0x0101d9c8        0x0 ../Tank_Games_BSP/\libhal_bsp.a(alt_sbrk.o)
 .bss           0x0101d9c8        0x0 ../Tank_Games_BSP/\libhal_bsp.a(alt_tick.o)
 .bss           0x0101d9c8        0x0 ../Tank_Games_BSP/\libhal_bsp.a(alt_usleep.o)
 .bss           0x0101d9c8        0x0 ../Tank_Games_BSP/\libhal_bsp.a(alt_write.o)
 .bss           0x0101d9c8        0x0 ../Tank_Games_BSP/\libhal_bsp.a(alt_sys_init.o)
 .bss           0x0101d9c8        0x0 ../Tank_Games_BSP/\libhal_bsp.a(altera_avalon_jtag_uart_fd.o)
 .bss           0x0101d9c8        0x0 ../Tank_Games_BSP/\libhal_bsp.a(altera_avalon_jtag_uart_init.o)
 .bss           0x0101d9c8        0x0 ../Tank_Games_BSP/\libhal_bsp.a(altera_avalon_jtag_uart_ioctl.o)
 .bss           0x0101d9c8        0x0 ../Tank_Games_BSP/\libhal_bsp.a(altera_avalon_jtag_uart_read.o)
 .bss           0x0101d9c8        0x0 ../Tank_Games_BSP/\libhal_bsp.a(altera_avalon_jtag_uart_write.o)
 .bss           0x0101d9c8        0x0 ../Tank_Games_BSP/\libhal_bsp.a(altera_avalon_timer_sc.o)
 .bss           0x0101d9c8        0x0 ../Tank_Games_BSP/\libhal_bsp.a(altera_avalon_timer_ts.o)
 .bss           0x0101d9c8        0x0 ../Tank_Games_BSP/\libhal_bsp.a(altera_avalon_timer_vars.o)
 .bss           0x0101d9c8        0x0 ../Tank_Games_BSP/\libhal_bsp.a(altera_up_avalon_audio.o)
 .bss           0x0101d9c8        0x0 ../Tank_Games_BSP/\libhal_bsp.a(altera_up_avalon_audio_and_video_config.o)
 .bss           0x0101d9c8        0x0 ../Tank_Games_BSP/\libhal_bsp.a(altera_up_avalon_video_character_buffer_with_dma.o)
 .bss           0x0101d9c8        0x0 ../Tank_Games_BSP/\libhal_bsp.a(altera_up_avalon_video_pixel_buffer_dma.o)
 .bss           0x0101d9c8        0x0 ../Tank_Games_BSP/\libhal_bsp.a(altera_up_sd_card_avalon_interface.o)
 .bss           0x0101d9c8        0x0 ../Tank_Games_BSP/\libhal_bsp.a(alt_busy_sleep.o)
 .bss           0x0101d9c8        0x0 ../Tank_Games_BSP/\libhal_bsp.a(alt_dcache_flush_all.o)
 .bss           0x0101d9c8        0x0 ../Tank_Games_BSP/\libhal_bsp.a(alt_dev_llist_insert.o)
 .bss           0x0101d9c8        0x0 ../Tank_Games_BSP/\libhal_bsp.a(alt_do_ctors.o)
 .bss           0x0101d9c8        0x0 ../Tank_Games_BSP/\libhal_bsp.a(alt_do_dtors.o)
 .bss           0x0101d9c8        0x0 ../Tank_Games_BSP/\libhal_bsp.a(alt_find_dev.o)
 .bss           0x0101d9c8        0x0 ../Tank_Games_BSP/\libhal_bsp.a(alt_icache_flush_all.o)
 .bss           0x0101d9c8        0x0 ../Tank_Games_BSP/\libhal_bsp.a(alt_io_redirect.o)
 .bss           0x0101d9c8        0x0 ../Tank_Games_BSP/\libhal_bsp.a(alt_irq_entry.o)
 .bss           0x0101d9c8        0x0 ../Tank_Games_BSP/\libhal_bsp.a(alt_irq_handler.o)
 .bss           0x0101d9c8        0x0 ../Tank_Games_BSP/\libhal_bsp.a(alt_open.o)
 .bss           0x0101d9c8        0x0 ../Tank_Games_BSP/\libhal_bsp.a(altera_nios2_qsys_irq.o)
 .bss           0x0101d9c8        0x0 ../Tank_Games_BSP/\libhal_bsp.a(alt_exception_entry.o)
 .bss           0x0101d9c8        0x0 ../Tank_Games_BSP/\libhal_bsp.a(alt_find_file.o)
 .bss           0x0101d9c8        0x0 ../Tank_Games_BSP/\libhal_bsp.a(alt_get_fd.o)
 .bss           0x0101d9c8        0x0 ../Tank_Games_BSP/\libhal_bsp.a(alt_icache_flush.o)